Archive member included to satisfy reference by file (symbol)

/Applications/ArmGNUToolchain/14.2.rel1/arm-none-eabi/bin/../lib/gcc/arm-none-eabi/14.2.1/thumb/v7e-m/nofp/libgcc.a(_aeabi_uldivmod.o)
                              cmake/stm32cubemx/CMakeFiles/STM32_Drivers.dir/__/__/Drivers/STM32WLxx_HAL_Driver/Src/stm32wlxx_hal_uart.c.obj (__aeabi_uldivmod)
/Applications/ArmGNUToolchain/14.2.rel1/arm-none-eabi/bin/../lib/gcc/arm-none-eabi/14.2.1/thumb/v7e-m/nofp/libgcc.a(_udivmoddi4.o)
                              /Applications/ArmGNUToolchain/14.2.rel1/arm-none-eabi/bin/../lib/gcc/arm-none-eabi/14.2.1/thumb/v7e-m/nofp/libgcc.a(_aeabi_uldivmod.o) (__udivmoddi4)
/Applications/ArmGNUToolchain/14.2.rel1/arm-none-eabi/bin/../lib/gcc/arm-none-eabi/14.2.1/thumb/v7e-m/nofp/libgcc.a(_dvmd_tls.o)
                              /Applications/ArmGNUToolchain/14.2.rel1/arm-none-eabi/bin/../lib/gcc/arm-none-eabi/14.2.1/thumb/v7e-m/nofp/libgcc.a(_aeabi_uldivmod.o) (__aeabi_ldiv0)
/Applications/ArmGNUToolchain/14.2.rel1/arm-none-eabi/bin/../lib/gcc/arm-none-eabi/14.2.1/../../../../arm-none-eabi/lib/thumb/v7e-m/nofp/libg_nano.a(libc_a-exit.o)
                              /Applications/ArmGNUToolchain/14.2.rel1/arm-none-eabi/bin/../lib/gcc/arm-none-eabi/14.2.1/../../../../arm-none-eabi/lib/thumb/v7e-m/nofp/crt0.o (exit)
/Applications/ArmGNUToolchain/14.2.rel1/arm-none-eabi/bin/../lib/gcc/arm-none-eabi/14.2.1/../../../../arm-none-eabi/lib/thumb/v7e-m/nofp/libg_nano.a(libc_a-findfp.o)
                              /Applications/ArmGNUToolchain/14.2.rel1/arm-none-eabi/bin/../lib/gcc/arm-none-eabi/14.2.1/../../../../arm-none-eabi/lib/thumb/v7e-m/nofp/libg_nano.a(libc_a-exit.o) (__stdio_exit_handler)
/Applications/ArmGNUToolchain/14.2.rel1/arm-none-eabi/bin/../lib/gcc/arm-none-eabi/14.2.1/../../../../arm-none-eabi/lib/thumb/v7e-m/nofp/libg_nano.a(libc_a-fwalk.o)
                              /Applications/ArmGNUToolchain/14.2.rel1/arm-none-eabi/bin/../lib/gcc/arm-none-eabi/14.2.1/../../../../arm-none-eabi/lib/thumb/v7e-m/nofp/libg_nano.a(libc_a-findfp.o) (_fwalk_sglue)
/Applications/ArmGNUToolchain/14.2.rel1/arm-none-eabi/bin/../lib/gcc/arm-none-eabi/14.2.1/../../../../arm-none-eabi/lib/thumb/v7e-m/nofp/libg_nano.a(libc_a-puts.o)
                              CMakeFiles/SingleWL55.dir/Core/Src/main.c.obj (puts)
/Applications/ArmGNUToolchain/14.2.rel1/arm-none-eabi/bin/../lib/gcc/arm-none-eabi/14.2.1/../../../../arm-none-eabi/lib/thumb/v7e-m/nofp/libg_nano.a(libc_a-memset.o)
                              /Applications/ArmGNUToolchain/14.2.rel1/arm-none-eabi/bin/../lib/gcc/arm-none-eabi/14.2.1/../../../../arm-none-eabi/lib/thumb/v7e-m/nofp/crt0.o (memset)
/Applications/ArmGNUToolchain/14.2.rel1/arm-none-eabi/bin/../lib/gcc/arm-none-eabi/14.2.1/../../../../arm-none-eabi/lib/thumb/v7e-m/nofp/libg_nano.a(libc_a-errno.o)
                              CMakeFiles/SingleWL55.dir/Core/Src/sysmem.c.obj (__errno)
/Applications/ArmGNUToolchain/14.2.rel1/arm-none-eabi/bin/../lib/gcc/arm-none-eabi/14.2.1/../../../../arm-none-eabi/lib/thumb/v7e-m/nofp/libg_nano.a(libc_a-init.o)
                              /Applications/ArmGNUToolchain/14.2.rel1/arm-none-eabi/bin/../lib/gcc/arm-none-eabi/14.2.1/../../../../arm-none-eabi/lib/thumb/v7e-m/nofp/crt0.o (__libc_init_array)
/Applications/ArmGNUToolchain/14.2.rel1/arm-none-eabi/bin/../lib/gcc/arm-none-eabi/14.2.1/../../../../arm-none-eabi/lib/thumb/v7e-m/nofp/libg_nano.a(libc_a-lock.o)
                              /Applications/ArmGNUToolchain/14.2.rel1/arm-none-eabi/bin/../lib/gcc/arm-none-eabi/14.2.1/../../../../arm-none-eabi/lib/thumb/v7e-m/nofp/libg_nano.a(libc_a-findfp.o) (__retarget_lock_init_recursive)
/Applications/ArmGNUToolchain/14.2.rel1/arm-none-eabi/bin/../lib/gcc/arm-none-eabi/14.2.1/../../../../arm-none-eabi/lib/thumb/v7e-m/nofp/libg_nano.a(libc_a-impure.o)
                              /Applications/ArmGNUToolchain/14.2.rel1/arm-none-eabi/bin/../lib/gcc/arm-none-eabi/14.2.1/../../../../arm-none-eabi/lib/thumb/v7e-m/nofp/libg_nano.a(libc_a-puts.o) (_impure_ptr)
/Applications/ArmGNUToolchain/14.2.rel1/arm-none-eabi/bin/../lib/gcc/arm-none-eabi/14.2.1/../../../../arm-none-eabi/lib/thumb/v7e-m/nofp/libg_nano.a(libc_a-memcpy-stub.o)
                              cmake/stm32cubemx/CMakeFiles/SubGHz_Phy.dir/__/__/Middlewares/Third_Party/SubGHz_Phy/stm32_radio_driver/lr_fhss_mac.c.obj (memcpy)
/Applications/ArmGNUToolchain/14.2.rel1/arm-none-eabi/bin/../lib/gcc/arm-none-eabi/14.2.1/../../../../arm-none-eabi/lib/thumb/v7e-m/nofp/libg_nano.a(libc_a-strlen.o)
                              cmake/stm32cubemx/CMakeFiles/Utilities.dir/__/__/Utilities/misc/stm32_tiny_sscanf.c.obj (strlen)
/Applications/ArmGNUToolchain/14.2.rel1/arm-none-eabi/bin/../lib/gcc/arm-none-eabi/14.2.1/../../../../arm-none-eabi/lib/thumb/v7e-m/nofp/libg_nano.a(libc_a-mallocr.o)
[...]
Memory Configuration

Name             Origin             Length             Attributes
ROM              0x08000000         0x00040000         xr
RAM1             0x20000000         0x00008000         xrw
RAM2             0x20008000         0x00008000         xrw
*default*        0x00000000         0xffffffff

Linker script and memory map

LOAD /Applications/ArmGNUToolchain/14.2.rel1/arm-none-eabi/bin/../lib/gcc/arm-none-eabi/14.2.1/thumb/v7e-m/nofp/crti.o
LOAD /Applications/ArmGNUToolchain/14.2.rel1/arm-none-eabi/bin/../lib/gcc/arm-none-eabi/14.2.1/thumb/v7e-m/nofp/crtbegin.o
LOAD /Applications/ArmGNUToolchain/14.2.rel1/arm-none-eabi/bin/../lib/gcc/arm-none-eabi/14.2.1/../../../../arm-none-eabi/lib/thumb/v7e-m/nofp/crt0.o
LOAD cmake/stm32cubemx/CMakeFiles/STM32_Drivers.dir/__/__/Core/Src/system_stm32wlxx.c.obj
LOAD cmake/stm32cubemx/CMakeFiles/STM32_Drivers.dir/__/__/Drivers/STM32WLxx_HAL_Driver/Src/stm32wlxx_hal_rcc.c.obj
LOAD cmake/stm32cubemx/CMakeFiles/STM32_Drivers.dir/__/__/Drivers/STM32WLxx_HAL_Driver/Src/stm32wlxx_hal_rcc_ex.c.obj
LOAD cmake/stm32cubemx/CMakeFiles/STM32_Drivers.dir/__/__/Drivers/STM32WLxx_HAL_Driver/Src/stm32wlxx_hal_flash.c.obj
LOAD cmake/stm32cubemx/CMakeFiles/STM32_Drivers.dir/__/__/Drivers/STM32WLxx_HAL_Driver/Src/stm32wlxx_hal_flash_ex.c.obj
LOAD cmake/stm32cubemx/CMakeFiles/STM32_Drivers.dir/__/__/Drivers/STM32WLxx_HAL_Driver/Src/stm32wlxx_hal_gpio.c.obj
LOAD cmake/stm32cubemx/CMakeFiles/STM32_Drivers.dir/__/__/Drivers/STM32WLxx_HAL_Driver/Src/stm32wlxx_hal_dma.c.obj
LOAD cmake/stm32cubemx/CMakeFiles/STM32_Drivers.dir/__/__/Drivers/STM32WLxx_HAL_Driver/Src/stm32wlxx_hal_dma_ex.c.obj
LOAD cmake/stm32cubemx/CMakeFiles/STM32_Drivers.dir/__/__/Drivers/STM32WLxx_HAL_Driver/Src/stm32wlxx_hal_pwr.c.obj
LOAD cmake/stm32cubemx/CMakeFiles/STM32_Drivers.dir/__/__/Drivers/STM32WLxx_HAL_Driver/Src/stm32wlxx_hal_pwr_ex.c.obj
LOAD cmake/stm32cubemx/CMakeFiles/STM32_Drivers.dir/__/__/Drivers/STM32WLxx_HAL_Driver/Src/stm32wlxx_hal_cortex.c.obj
LOAD cmake/stm32cubemx/CMakeFiles/STM32_Drivers.dir/__/__/Drivers/STM32WLxx_HAL_Driver/Src/stm32wlxx_hal.c.obj
LOAD cmake/stm32cubemx/CMakeFiles/STM32_Drivers.dir/__/__/Drivers/STM32WLxx_HAL_Driver/Src/stm32wlxx_hal_exti.c.obj
LOAD cmake/stm32cubemx/CMakeFiles/STM32_Drivers.dir/__/__/Drivers/STM32WLxx_HAL_Driver/Src/stm32wlxx_hal_hsem.c.obj
LOAD cmake/stm32cubemx/CMakeFiles/STM32_Drivers.dir/__/__/Drivers/STM32WLxx_HAL_Driver/Src/stm32wlxx_hal_uart.c.obj
LOAD cmake/stm32cubemx/CMakeFiles/STM32_Drivers.dir/__/__/Drivers/STM32WLxx_HAL_Driver/Src/stm32wlxx_hal_uart_ex.c.obj
LOAD cmake/stm32cubemx/CMakeFiles/STM32_Drivers.dir/__/__/Drivers/STM32WLxx_HAL_Driver/Src/stm32wlxx_hal_subghz.c.obj
LOAD cmake/stm32cubemx/CMakeFiles/STM32_Drivers.dir/__/__/Drivers/STM32WLxx_HAL_Driver/Src/stm32wlxx_hal_usart.c.obj
LOAD cmake/stm32cubemx/CMakeFiles/STM32_Drivers.dir/__/__/Drivers/STM32WLxx_HAL_Driver/Src/stm32wlxx_hal_usart_ex.c.obj
LOAD cmake/stm32cubemx/CMakeFiles/STM32_Drivers.dir/__/__/Drivers/BSP/STM32WLxx_Nucleo/stm32wlxx_nucleo.c.obj
LOAD cmake/stm32cubemx/CMakeFiles/STM32_Drivers.dir/__/__/Drivers/BSP/STM32WLxx_Nucleo/stm32wlxx_nucleo_radio.c.obj
LOAD cmake/stm32cubemx/CMakeFiles/Utilities.dir/__/__/Utilities/trace/adv_trace/stm32_adv_trace.c.obj
LOAD cmake/stm32cubemx/CMakeFiles/Utilities.dir/__/__/Utilities/misc/stm32_mem.c.obj
LOAD cmake/stm32cubemx/CMakeFiles/Utilities.dir/__/__/Utilities/misc/stm32_systime.c.obj
LOAD cmake/stm32cubemx/CMakeFiles/Utilities.dir/__/__/Utilities/misc/stm32_tiny_sscanf.c.obj
LOAD cmake/stm32cubemx/CMakeFiles/Utilities.dir/__/__/Utilities/misc/stm32_tiny_vsnprintf.c.obj
LOAD cmake/stm32cubemx/CMakeFiles/Utilities.dir/__/__/Utilities/sequencer/stm32_seq.c.obj
LOAD cmake/stm32cubemx/CMakeFiles/Utilities.dir/__/__/Utilities/timer/stm32_timer.c.obj
LOAD cmake/stm32cubemx/CMakeFiles/Utilities.dir/__/__/Utilities/lpm/tiny_lpm/stm32_lpm.c.obj
LOAD cmake/stm32cubemx/CMakeFiles/SubGHz_Phy.dir/__/__/Middlewares/Third_Party/SubGHz_Phy/stm32_radio_driver/radio.c.obj
LOAD cmake/stm32cubemx/CMakeFiles/SubGHz_Phy.dir/__/__/Middlewares/Third_Party/SubGHz_Phy/stm32_radio_driver/radio_fw.c.obj
LOAD cmake/stm32cubemx/CMakeFiles/SubGHz_Phy.dir/__/__/Middlewares/Third_Party/SubGHz_Phy/stm32_radio_driver/lr_fhss_mac.c.obj
LOAD cmake/stm32cubemx/CMakeFiles/SubGHz_Phy.dir/__/__/Middlewares/Third_Party/SubGHz_Phy/stm32_radio_driver/radio_driver.c.obj
LOAD cmake/stm32cubemx/CMakeFiles/SubGHz_Phy.dir/__/__/Middlewares/Third_Party/SubGHz_Phy/stm32_radio_driver/wl_lr_fhss.c.obj
LOAD CMakeFiles/SingleWL55.dir/SubGHz_Phy/App/app_subghz_phy.c.obj
LOAD CMakeFiles/SingleWL55.dir/SubGHz_Phy/App/subghz_phy_app.c.obj
LOAD CMakeFiles/SingleWL55.dir/SubGHz_Phy/Target/radio_board_if.c.obj
LOAD CMakeFiles/SingleWL55.dir/Core/Src/main.c.obj
LOAD CMakeFiles/SingleWL55.dir/Core/Src/stm32_lpm_if.c.obj
LOAD CMakeFiles/SingleWL55.dir/Core/Src/sys_app.c.obj
LOAD CMakeFiles/SingleWL55.dir/Core/Src/timer_if.c.obj
LOAD CMakeFiles/SingleWL55.dir/Core/Src/stm32_adv_trace_if.c.obj
LOAD CMakeFiles/SingleWL55.dir/Core/Src/stm32wlxx_it.c.obj
LOAD CMakeFiles/SingleWL55.dir/Core/Src/stm32wlxx_hal_msp.c.obj
LOAD CMakeFiles/SingleWL55.dir/Core/Src/sysmem.c.obj
LOAD CMakeFiles/SingleWL55.dir/Core/Src/syscalls.c.obj
LOAD CMakeFiles/SingleWL55.dir/startup_stm32wl55xx_cm4.s.obj
LOAD /Applications/ArmGNUToolchain/14.2.rel1/arm-none-eabi/bin/../lib/gcc/arm-none-eabi/14.2.1/../../../../arm-none-eabi/lib/thumb/v7e-m/nofp/libm.a
START GROUP
LOAD /Applications/ArmGNUToolchain/14.2.rel1/arm-none-eabi/bin/../lib/gcc/arm-none-eabi/14.2.1/thumb/v7e-m/nofp/libgcc.a
LOAD /Applications/ArmGNUToolchain/14.2.rel1/arm-none-eabi/bin/../lib/gcc/arm-none-eabi/14.2.1/../../../../arm-none-eabi/lib/thumb/v7e-m/nofp/libg_nano.a
LOAD /Applications/ArmGNUToolchain/14.2.rel1/arm-none-eabi/bin/../lib/gcc/arm-none-eabi/14.2.1/../../../../arm-none-eabi/lib/thumb/v7e-m/nofp/libc_nano.a
END GROUP
START GROUP
LOAD /Applications/ArmGNUToolchain/14.2.rel1/arm-none-eabi/bin/../lib/gcc/arm-none-eabi/14.2.1/thumb/v7e-m/nofp/libgcc.a
LOAD /Applications/ArmGNUToolchain/14.2.rel1/arm-none-eabi/bin/../lib/gcc/arm-none-eabi/14.2.1/../../../../arm-none-eabi/lib/thumb/v7e-m/nofp/libc_nano.a
END GROUP
LOAD /Applications/ArmGNUToolchain/14.2.rel1/arm-none-eabi/bin/../lib/gcc/arm-none-eabi/14.2.1/thumb/v7e-m/nofp/crtend.o
LOAD /Applications/ArmGNUToolchain/14.2.rel1/arm-none-eabi/bin/../lib/gcc/arm-none-eabi/14.2.1/thumb/v7e-m/nofp/crtn.o
                0x20008000                        _estack = (ORIGIN (RAM1) + LENGTH (RAM1))
                0x00000200                        _Min_Heap_Size = 0x200
                0x00000400                        _Min_Stack_Size = 0x400

.isr_vector     0x08000000      0x138
                0x08000000                        . = ALIGN (0x8)
 *(.isr_vector)
 .isr_vector    0x08000000      0x138 CMakeFiles/SingleWL55.dir/startup_stm32wl55xx_cm4.s.obj
                0x08000000                g_pfnVectors
                0x08000138                        . = ALIGN (0x8)

.text           0x08000138     0x8108
                0x08000138                        . = ALIGN (0x8)
 *(.text)
 .text          0x08000138       0x30 /Applications/ArmGNUToolchain/14.2.rel1/arm-none-eabi/bin/../lib/gcc/arm-none-eabi/14.2.1/thumb/v7e-m/nofp/libgcc.a(_aeabi_uldivmod.o)
                0x08000138                __aeabi_uldivmod
 .text          0x08000168        0x4 /Applications/ArmGNUToolchain/14.2.rel1/arm-none-eabi/bin/../lib/gcc/arm-none-eabi/14.2.1/thumb/v7e-m/nofp/libgcc.a(_dvmd_tls.o)
                0x08000168                __aeabi_ldiv0
                0x08000168                __aeabi_idiv0
 *(.text*)
 .text.deregister_tm_clones
                0x0800016c       0x1c /Applications/ArmGNUToolchain/14.2.rel1/arm-none-eabi/bin/../lib/gcc/arm-none-eabi/14.2.1/thumb/v7e-m/nofp/crtbegin.o
 .text.register_tm_clones
                0x08000188       0x24 /Applications/ArmGNUToolchain/14.2.rel1/arm-none-eabi/bin/../lib/gcc/arm-none-eabi/14.2.1/thumb/v7e-m/nofp/crtbegin.o
 .text.__do_global_dtors_aux
                0x080001ac       0x28 /Applications/ArmGNUToolchain/14.2.rel1/arm-none-eabi/bin/../lib/gcc/arm-none-eabi/14.2.1/thumb/v7e-m/nofp/crtbegin.o
 .text.frame_dummy
                0x080001d4       0x24 /Applications/ArmGNUToolchain/14.2.rel1/arm-none-eabi/bin/../lib/gcc/arm-none-eabi/14.2.1/thumb/v7e-m/nofp/crtbegin.o
 .text.SystemInit
                0x080001f8        0xc cmake/stm32cubemx/CMakeFiles/STM32_Drivers.dir/__/__/Core/Src/system_stm32wlxx.c.obj
                0x080001f8                SystemInit
 .text.LL_PWR_IsEnabledBkUpAccess
                0x08000204       0x24 cmake/stm32cubemx/CMakeFiles/STM32_Drivers.dir/__/__/Drivers/STM32WLxx_HAL_Driver/Src/stm32wlxx_hal_rcc.c.obj
 .text.LL_RCC_HSE_EnableTcxo
                0x08000228       0x1c cmake/stm32cubemx/CMakeFiles/STM32_Drivers.dir/__/__/Drivers/STM32WLxx_HAL_Driver/Src/stm32wlxx_hal_rcc.c.obj
 .text.LL_RCC_HSE_DisableTcxo
                0x08000244       0x1c cmake/stm32cubemx/CMakeFiles/STM32_Drivers.dir/__/__/Drivers/STM32WLxx_HAL_Driver/Src/stm32wlxx_hal_rcc.c.obj
 .text.LL_RCC_HSE_IsEnabledDiv2
                0x08000260       0x22 cmake/stm32cubemx/CMakeFiles/STM32_Drivers.dir/__/__/Drivers/STM32WLxx_HAL_Driver/Src/stm32wlxx_hal_rcc.c.obj
 .text.LL_RCC_HSE_Enable
                0x08000282       0x1c cmake/stm32cubemx/CMakeFiles/STM32_Drivers.dir/__/__/Drivers/STM32WLxx_HAL_Driver/Src/stm32wlxx_hal_rcc.c.obj
 .text.LL_RCC_HSE_Disable
                0x0800029e       0x1c cmake/stm32cubemx/CMakeFiles/STM32_Drivers.dir/__/__/Drivers/STM32WLxx_HAL_Driver/Src/stm32wlxx_hal_rcc.c.obj
 .text.LL_RCC_HSE_IsReady
                0x080002ba       0x22 cmake/stm32cubemx/CMakeFiles/STM32_Drivers.dir/__/__/Drivers/STM32WLxx_HAL_Driver/Src/stm32wlxx_hal_rcc.c.obj
 .text.LL_RCC_HSI_Enable
                0x080002dc       0x1c cmake/stm32cubemx/CMakeFiles/STM32_Drivers.dir/__/__/Drivers/STM32WLxx_HAL_Driver/Src/stm32wlxx_hal_rcc.c.obj
 .text.LL_RCC_HSI_Disable
                0x080002f8       0x1c cmake/stm32cubemx/CMakeFiles/STM32_Drivers.dir/__/__/Drivers/STM32WLxx_HAL_Driver/Src/stm32wlxx_hal_rcc.c.obj
 .text.LL_RCC_HSI_IsReady
                0x08000314       0x22 cmake/stm32cubemx/CMakeFiles/STM32_Drivers.dir/__/__/Drivers/STM32WLxx_HAL_Driver/Src/stm32wlxx_hal_rcc.c.obj
 .text.LL_RCC_HSI_SetCalibTrimming
                0x08000336       0x28 cmake/stm32cubemx/CMakeFiles/STM32_Drivers.dir/__/__/Drivers/STM32WLxx_HAL_Driver/Src/stm32wlxx_hal_rcc.c.obj
 .text.LL_RCC_LSE_IsReady
                0x0800035e       0x22 cmake/stm32cubemx/CMakeFiles/STM32_Drivers.dir/__/__/Drivers/STM32WLxx_HAL_Driver/Src/stm32wlxx_hal_rcc.c.obj
 .text.LL_RCC_LSI_Enable
                0x08000380       0x20 cmake/stm32cubemx/CMakeFiles/STM32_Drivers.dir/__/__/Drivers/STM32WLxx_HAL_Driver/Src/stm32wlxx_hal_rcc.c.obj
 .text.LL_RCC_LSI_Disable
                0x080003a0       0x20 cmake/stm32cubemx/CMakeFiles/STM32_Drivers.dir/__/__/Drivers/STM32WLxx_HAL_Driver/Src/stm32wlxx_hal_rcc.c.obj
 .text.LL_RCC_LSI_IsReady
                0x080003c0       0x22 cmake/stm32cubemx/CMakeFiles/STM32_Drivers.dir/__/__/Drivers/STM32WLxx_HAL_Driver/Src/stm32wlxx_hal_rcc.c.obj
 .text.LL_RCC_MSI_Enable
                0x080003e2       0x1c cmake/stm32cubemx/CMakeFiles/STM32_Drivers.dir/__/__/Drivers/STM32WLxx_HAL_Driver/Src/stm32wlxx_hal_rcc.c.obj
 .text.LL_RCC_MSI_Disable
                0x080003fe       0x1c cmake/stm32cubemx/CMakeFiles/STM32_Drivers.dir/__/__/Drivers/STM32WLxx_HAL_Driver/Src/stm32wlxx_hal_rcc.c.obj
 .text.LL_RCC_MSI_IsReady
                0x0800041a       0x20 cmake/stm32cubemx/CMakeFiles/STM32_Drivers.dir/__/__/Drivers/STM32WLxx_HAL_Driver/Src/stm32wlxx_hal_rcc.c.obj
 .text.LL_RCC_MSI_IsEnabledRangeSelect
                0x0800043a       0x20 cmake/stm32cubemx/CMakeFiles/STM32_Drivers.dir/__/__/Drivers/STM32WLxx_HAL_Driver/Src/stm32wlxx_hal_rcc.c.obj
 .text.LL_RCC_MSI_GetRange
                0x0800045a       0x16 cmake/stm32cubemx/CMakeFiles/STM32_Drivers.dir/__/__/Drivers/STM32WLxx_HAL_Driver/Src/stm32wlxx_hal_rcc.c.obj
 .text.LL_RCC_MSI_GetRangeAfterStandby
                0x08000470       0x18 cmake/stm32cubemx/CMakeFiles/STM32_Drivers.dir/__/__/Drivers/STM32WLxx_HAL_Driver/Src/stm32wlxx_hal_rcc.c.obj
 .text.LL_RCC_MSI_SetCalibTrimming
                0x08000488       0x28 cmake/stm32cubemx/CMakeFiles/STM32_Drivers.dir/__/__/Drivers/STM32WLxx_HAL_Driver/Src/stm32wlxx_hal_rcc.c.obj
 .text.LL_RCC_SetSysClkSource
                0x080004b0       0x26 cmake/stm32cubemx/CMakeFiles/STM32_Drivers.dir/__/__/Drivers/STM32WLxx_HAL_Driver/Src/stm32wlxx_hal_rcc.c.obj
 .text.LL_RCC_GetSysClkSource
                0x080004d6       0x16 cmake/stm32cubemx/CMakeFiles/STM32_Drivers.dir/__/__/Drivers/STM32WLxx_HAL_Driver/Src/stm32wlxx_hal_rcc.c.obj
 .text.LL_RCC_SetAHBPrescaler
                0x080004ec       0x26 cmake/stm32cubemx/CMakeFiles/STM32_Drivers.dir/__/__/Drivers/STM32WLxx_HAL_Driver/Src/stm32wlxx_hal_rcc.c.obj
 .text.LL_C2_RCC_SetAHBPrescaler
                0x08000512       0x2a cmake/stm32cubemx/CMakeFiles/STM32_Drivers.dir/__/__/Drivers/STM32WLxx_HAL_Driver/Src/stm32wlxx_hal_rcc.c.obj
 .text.LL_RCC_SetAHB3Prescaler
                0x0800053c       0x2c cmake/stm32cubemx/CMakeFiles/STM32_Drivers.dir/__/__/Drivers/STM32WLxx_HAL_Driver/Src/stm32wlxx_hal_rcc.c.obj
 .text.LL_RCC_SetAPB1Prescaler
                0x08000568       0x26 cmake/stm32cubemx/CMakeFiles/STM32_Drivers.dir/__/__/Drivers/STM32WLxx_HAL_Driver/Src/stm32wlxx_hal_rcc.c.obj
 .text.LL_RCC_SetAPB2Prescaler
                0x0800058e       0x26 cmake/stm32cubemx/CMakeFiles/STM32_Drivers.dir/__/__/Drivers/STM32WLxx_HAL_Driver/Src/stm32wlxx_hal_rcc.c.obj
 .text.LL_RCC_GetAHBPrescaler
                0x080005b4       0x16 cmake/stm32cubemx/CMakeFiles/STM32_Drivers.dir/__/__/Drivers/STM32WLxx_HAL_Driver/Src/stm32wlxx_hal_rcc.c.obj
 .text.LL_RCC_GetAHB3Prescaler
                0x080005ca       0x1a cmake/stm32cubemx/CMakeFiles/STM32_Drivers.dir/__/__/Drivers/STM32WLxx_HAL_Driver/Src/stm32wlxx_hal_rcc.c.obj
 .text.LL_RCC_GetAPB1Prescaler
                0x080005e4       0x16 cmake/stm32cubemx/CMakeFiles/STM32_Drivers.dir/__/__/Drivers/STM32WLxx_HAL_Driver/Src/stm32wlxx_hal_rcc.c.obj
 .text.LL_RCC_GetAPB2Prescaler
                0x080005fa       0x16 cmake/stm32cubemx/CMakeFiles/STM32_Drivers.dir/__/__/Drivers/STM32WLxx_HAL_Driver/Src/stm32wlxx_hal_rcc.c.obj
 .text.LL_RCC_PLL_Enable
                0x08000610       0x1c cmake/stm32cubemx/CMakeFiles/STM32_Drivers.dir/__/__/Drivers/STM32WLxx_HAL_Driver/Src/stm32wlxx_hal_rcc.c.obj
 .text.LL_RCC_PLL_Disable
                0x0800062c       0x1c cmake/stm32cubemx/CMakeFiles/STM32_Drivers.dir/__/__/Drivers/STM32WLxx_HAL_Driver/Src/stm32wlxx_hal_rcc.c.obj
 .text.LL_RCC_PLL_IsReady
                0x08000648       0x22 cmake/stm32cubemx/CMakeFiles/STM32_Drivers.dir/__/__/Drivers/STM32WLxx_HAL_Driver/Src/stm32wlxx_hal_rcc.c.obj
 .text.LL_RCC_PLL_GetN
                0x0800066a       0x18 cmake/stm32cubemx/CMakeFiles/STM32_Drivers.dir/__/__/Drivers/STM32WLxx_HAL_Driver/Src/stm32wlxx_hal_rcc.c.obj
 .text.LL_RCC_PLL_GetR
                0x08000682       0x16 cmake/stm32cubemx/CMakeFiles/STM32_Drivers.dir/__/__/Drivers/STM32WLxx_HAL_Driver/Src/stm32wlxx_hal_rcc.c.obj
 .text.LL_RCC_PLL_GetDivider
                0x08000698       0x16 cmake/stm32cubemx/CMakeFiles/STM32_Drivers.dir/__/__/Drivers/STM32WLxx_HAL_Driver/Src/stm32wlxx_hal_rcc.c.obj
 .text.LL_RCC_PLL_GetMainSource
                0x080006ae       0x16 cmake/stm32cubemx/CMakeFiles/STM32_Drivers.dir/__/__/Drivers/STM32WLxx_HAL_Driver/Src/stm32wlxx_hal_rcc.c.obj
 .text.LL_RCC_IsActiveFlag_HPRE
                0x080006c4       0x22 cmake/stm32cubemx/CMakeFiles/STM32_Drivers.dir/__/__/Drivers/STM32WLxx_HAL_Driver/Src/stm32wlxx_hal_rcc.c.obj
 .text.LL_RCC_IsActiveFlag_C2HPRE
                0x080006e6       0x24 cmake/stm32cubemx/CMakeFiles/STM32_Drivers.dir/__/__/Drivers/STM32WLxx_HAL_Driver/Src/stm32wlxx_hal_rcc.c.obj
 .text.LL_RCC_IsActiveFlag_SHDHPRE
                0x0800070a       0x24 cmake/stm32cubemx/CMakeFiles/STM32_Drivers.dir/__/__/Drivers/STM32WLxx_HAL_Driver/Src/stm32wlxx_hal_rcc.c.obj
 .text.LL_RCC_IsActiveFlag_PPRE1
                0x0800072e       0x22 cmake/stm32cubemx/CMakeFiles/STM32_Drivers.dir/__/__/Drivers/STM32WLxx_HAL_Driver/Src/stm32wlxx_hal_rcc.c.obj
 .text.LL_RCC_IsActiveFlag_PPRE2
                0x08000750       0x22 cmake/stm32cubemx/CMakeFiles/STM32_Drivers.dir/__/__/Drivers/STM32WLxx_HAL_Driver/Src/stm32wlxx_hal_rcc.c.obj
 *fill*         0x08000772        0x2 
 .text.HAL_RCC_OscConfig
                0x08000774      0x704 cmake/stm32cubemx/CMakeFiles/STM32_Drivers.dir/__/__/Drivers/STM32WLxx_HAL_Driver/Src/stm32wlxx_hal_rcc.c.obj
                0x08000774                HAL_RCC_OscConfig
 .text.HAL_RCC_ClockConfig
                0x08000e78      0x284 cmake/stm32cubemx/CMakeFiles/STM32_Drivers.dir/__/__/Drivers/STM32WLxx_HAL_Driver/Src/stm32wlxx_hal_rcc.c.obj
                0x08000e78                HAL_RCC_ClockConfig
 .text.HAL_RCC_GetSysClockFreq
                0x080010fc      0x140 cmake/stm32cubemx/CMakeFiles/STM32_Drivers.dir/__/__/Drivers/STM32WLxx_HAL_Driver/Src/stm32wlxx_hal_rcc.c.obj
                0x080010fc                HAL_RCC_GetSysClockFreq
 .text.HAL_RCC_GetHCLKFreq
                0x0800123c       0x28 cmake/stm32cubemx/CMakeFiles/STM32_Drivers.dir/__/__/Drivers/STM32WLxx_HAL_Driver/Src/stm32wlxx_hal_rcc.c.obj
                0x0800123c                HAL_RCC_GetHCLKFreq
 .text.HAL_RCC_GetPCLK1Freq
                0x08001264       0x24 cmake/stm32cubemx/CMakeFiles/STM32_Drivers.dir/__/__/Drivers/STM32WLxx_HAL_Driver/Src/stm32wlxx_hal_rcc.c.obj
                0x08001264                HAL_RCC_GetPCLK1Freq
 .text.HAL_RCC_GetPCLK2Freq
                0x08001288       0x24 cmake/stm32cubemx/CMakeFiles/STM32_Drivers.dir/__/__/Drivers/STM32WLxx_HAL_Driver/Src/stm32wlxx_hal_rcc.c.obj
                0x08001288                HAL_RCC_GetPCLK2Freq
 .text.RCC_SetFlashLatencyFromMSIRange
                0x080012ac       0x60 cmake/stm32cubemx/CMakeFiles/STM32_Drivers.dir/__/__/Drivers/STM32WLxx_HAL_Driver/Src/stm32wlxx_hal_rcc.c.obj
 .text.RCC_SetFlashLatency
                0x0800130c      0x104 cmake/stm32cubemx/CMakeFiles/STM32_Drivers.dir/__/__/Drivers/STM32WLxx_HAL_Driver/Src/stm32wlxx_hal_rcc.c.obj
 .text.LL_RCC_LSE_IsReady
                0x08001410       0x22 cmake/stm32cubemx/CMakeFiles/STM32_Drivers.dir/__/__/Drivers/STM32WLxx_HAL_Driver/Src/stm32wlxx_hal_rcc_ex.c.obj
 .text.LL_RCC_SetUSARTClockSource
                0x08001432       0x30 cmake/stm32cubemx/CMakeFiles/STM32_Drivers.dir/__/__/Drivers/STM32WLxx_HAL_Driver/Src/stm32wlxx_hal_rcc_ex.c.obj
 .text.LL_RCC_SetI2SClockSource
                0x08001462       0x2a cmake/stm32cubemx/CMakeFiles/STM32_Drivers.dir/__/__/Drivers/STM32WLxx_HAL_Driver/Src/stm32wlxx_hal_rcc_ex.c.obj
 .text.LL_RCC_SetLPUARTClockSource
                0x0800148c       0x2a cmake/stm32cubemx/CMakeFiles/STM32_Drivers.dir/__/__/Drivers/STM32WLxx_HAL_Driver/Src/stm32wlxx_hal_rcc_ex.c.obj
 .text.LL_RCC_SetI2CClockSource
                0x080014b6       0x38 cmake/stm32cubemx/CMakeFiles/STM32_Drivers.dir/__/__/Drivers/STM32WLxx_HAL_Driver/Src/stm32wlxx_hal_rcc_ex.c.obj
 .text.LL_RCC_SetLPTIMClockSource
                0x080014ee       0x32 cmake/stm32cubemx/CMakeFiles/STM32_Drivers.dir/__/__/Drivers/STM32WLxx_HAL_Driver/Src/stm32wlxx_hal_rcc_ex.c.obj
 .text.LL_RCC_SetRNGClockSource
                0x08001520       0x2a cmake/stm32cubemx/CMakeFiles/STM32_Drivers.dir/__/__/Drivers/STM32WLxx_HAL_Driver/Src/stm32wlxx_hal_rcc_ex.c.obj
 .text.LL_RCC_SetADCClockSource
                0x0800154a       0x2a cmake/stm32cubemx/CMakeFiles/STM32_Drivers.dir/__/__/Drivers/STM32WLxx_HAL_Driver/Src/stm32wlxx_hal_rcc_ex.c.obj
 .text.LL_RCC_SetRTCClockSource
                0x08001574       0x2a cmake/stm32cubemx/CMakeFiles/STM32_Drivers.dir/__/__/Drivers/STM32WLxx_HAL_Driver/Src/stm32wlxx_hal_rcc_ex.c.obj
 .text.LL_RCC_GetRTCClockSource
                0x0800159e       0x18 cmake/stm32cubemx/CMakeFiles/STM32_Drivers.dir/__/__/Drivers/STM32WLxx_HAL_Driver/Src/stm32wlxx_hal_rcc_ex.c.obj
 .text.LL_RCC_ForceBackupDomainReset
                0x080015b6       0x20 cmake/stm32cubemx/CMakeFiles/STM32_Drivers.dir/__/__/Drivers/STM32WLxx_HAL_Driver/Src/stm32wlxx_hal_rcc_ex.c.obj
 .text.LL_RCC_ReleaseBackupDomainReset
                0x080015d6       0x20 cmake/stm32cubemx/CMakeFiles/STM32_Drivers.dir/__/__/Drivers/STM32WLxx_HAL_Driver/Src/stm32wlxx_hal_rcc_ex.c.obj
 *fill*         0x080015f6        0x2 
 .text.HAL_RCCEx_PeriphCLKConfig
                0x080015f8      0x234 cmake/stm32cubemx/CMakeFiles/STM32_Drivers.dir/__/__/Drivers/STM32WLxx_HAL_Driver/Src/stm32wlxx_hal_rcc_ex.c.obj
                0x080015f8                HAL_RCCEx_PeriphCLKConfig
 .text.HAL_GPIO_Init
                0x0800182c      0x2c0 cmake/stm32cubemx/CMakeFiles/STM32_Drivers.dir/__/__/Drivers/STM32WLxx_HAL_Driver/Src/stm32wlxx_hal_gpio.c.obj
                0x0800182c                HAL_GPIO_Init
 .text.HAL_GPIO_WritePin
                0x08001aec       0x2e cmake/stm32cubemx/CMakeFiles/STM32_Drivers.dir/__/__/Drivers/STM32WLxx_HAL_Driver/Src/stm32wlxx_hal_gpio.c.obj
                0x08001aec                HAL_GPIO_WritePin
 .text.HAL_GPIO_TogglePin
                0x08001b1a       0x32 cmake/stm32cubemx/CMakeFiles/STM32_Drivers.dir/__/__/Drivers/STM32WLxx_HAL_Driver/Src/stm32wlxx_hal_gpio.c.obj
                0x08001b1a                HAL_GPIO_TogglePin
 .text.HAL_PWR_EnableBkUpAccess
                0x08001b4c       0x1c cmake/stm32cubemx/CMakeFiles/STM32_Drivers.dir/__/__/Drivers/STM32WLxx_HAL_Driver/Src/stm32wlxx_hal_pwr.c.obj
                0x08001b4c                HAL_PWR_EnableBkUpAccess
 .text.HAL_PWREx_GetVoltageRange
                0x08001b68       0x18 cmake/stm32cubemx/CMakeFiles/STM32_Drivers.dir/__/__/Drivers/STM32WLxx_HAL_Driver/Src/stm32wlxx_hal_pwr_ex.c.obj
                0x08001b68                HAL_PWREx_GetVoltageRange
 .text.__NVIC_SetPriorityGrouping
                0x08001b80       0x48 cmake/stm32cubemx/CMakeFiles/STM32_Drivers.dir/__/__/Drivers/STM32WLxx_HAL_Driver/Src/stm32wlxx_hal_cortex.c.obj
 .text.__NVIC_GetPriorityGrouping
                0x08001bc8       0x1c cmake/stm32cubemx/CMakeFiles/STM32_Drivers.dir/__/__/Drivers/STM32WLxx_HAL_Driver/Src/stm32wlxx_hal_cortex.c.obj
 .text.__NVIC_EnableIRQ
                0x08001be4       0x38 cmake/stm32cubemx/CMakeFiles/STM32_Drivers.dir/__/__/Drivers/STM32WLxx_HAL_Driver/Src/stm32wlxx_hal_cortex.c.obj
 .text.__NVIC_SetPriority
                0x08001c1c       0x54 cmake/stm32cubemx/CMakeFiles/STM32_Drivers.dir/__/__/Drivers/STM32WLxx_HAL_Driver/Src/stm32wlxx_hal_cortex.c.obj
 .text.NVIC_EncodePriority
                0x08001c70       0x64 cmake/stm32cubemx/CMakeFiles/STM32_Drivers.dir/__/__/Drivers/STM32WLxx_HAL_Driver/Src/stm32wlxx_hal_cortex.c.obj
 .text.SysTick_Config
                0x08001cd4       0x44 cmake/stm32cubemx/CMakeFiles/STM32_Drivers.dir/__/__/Drivers/STM32WLxx_HAL_Driver/Src/stm32wlxx_hal_cortex.c.obj
 .text.HAL_NVIC_SetPriorityGrouping
                0x08001d18       0x16 cmake/stm32cubemx/CMakeFiles/STM32_Drivers.dir/__/__/Drivers/STM32WLxx_HAL_Driver/Src/stm32wlxx_hal_cortex.c.obj
                0x08001d18                HAL_NVIC_SetPriorityGrouping
 .text.HAL_NVIC_SetPriority
                0x08001d2e       0x34 cmake/stm32cubemx/CMakeFiles/STM32_Drivers.dir/__/__/Drivers/STM32WLxx_HAL_Driver/Src/stm32wlxx_hal_cortex.c.obj
                0x08001d2e                HAL_NVIC_SetPriority
 .text.HAL_NVIC_EnableIRQ
                0x08001d62       0x1c cmake/stm32cubemx/CMakeFiles/STM32_Drivers.dir/__/__/Drivers/STM32WLxx_HAL_Driver/Src/stm32wlxx_hal_cortex.c.obj
                0x08001d62                HAL_NVIC_EnableIRQ
 .text.HAL_SYSTICK_Config
                0x08001d7e       0x18 cmake/stm32cubemx/CMakeFiles/STM32_Drivers.dir/__/__/Drivers/STM32WLxx_HAL_Driver/Src/stm32wlxx_hal_cortex.c.obj
                0x08001d7e                HAL_SYSTICK_Config
 *fill*         0x08001d96        0x2 
 .text.HAL_Init
                0x08001d98       0x40 cmake/stm32cubemx/CMakeFiles/STM32_Drivers.dir/__/__/Drivers/STM32WLxx_HAL_Driver/Src/stm32wlxx_hal.c.obj
                0x08001d98                HAL_Init
 .text.HAL_InitTick
                0x08001dd8       0x74 cmake/stm32cubemx/CMakeFiles/STM32_Drivers.dir/__/__/Drivers/STM32WLxx_HAL_Driver/Src/stm32wlxx_hal.c.obj
                0x08001dd8                HAL_InitTick
 .text.HAL_IncTick
                0x08001e4c       0x24 cmake/stm32cubemx/CMakeFiles/STM32_Drivers.dir/__/__/Drivers/STM32WLxx_HAL_Driver/Src/stm32wlxx_hal.c.obj
                0x08001e4c                HAL_IncTick
 .text.HAL_HSEM_IRQHandler
                0x08001e70       0x34 cmake/stm32cubemx/CMakeFiles/STM32_Drivers.dir/__/__/Drivers/STM32WLxx_HAL_Driver/Src/stm32wlxx_hal_hsem.c.obj
                0x08001e70                HAL_HSEM_IRQHandler
 .text.HAL_HSEM_FreeCallback
                0x08001ea4       0x12 cmake/stm32cubemx/CMakeFiles/STM32_Drivers.dir/__/__/Drivers/STM32WLxx_HAL_Driver/Src/stm32wlxx_hal_hsem.c.obj
                0x08001ea4                HAL_HSEM_FreeCallback
 .text.LL_RCC_GetUSARTClockSource
                0x08001eb6       0x24 cmake/stm32cubemx/CMakeFiles/STM32_Drivers.dir/__/__/Drivers/STM32WLxx_HAL_Driver/Src/stm32wlxx_hal_uart.c.obj
 .text.LL_RCC_GetLPUARTClockSource
                0x08001eda       0x1e cmake/stm32cubemx/CMakeFiles/STM32_Drivers.dir/__/__/Drivers/STM32WLxx_HAL_Driver/Src/stm32wlxx_hal_uart.c.obj
 .text.HAL_UART_Init
                0x08001ef8       0xa0 cmake/stm32cubemx/CMakeFiles/STM32_Drivers.dir/__/__/Drivers/STM32WLxx_HAL_Driver/Src/stm32wlxx_hal_uart.c.obj
                0x08001ef8                HAL_UART_Init
 .text.HAL_UART_Transmit
                0x08001f98      0x10c cmake/stm32cubemx/CMakeFiles/STM32_Drivers.dir/__/__/Drivers/STM32WLxx_HAL_Driver/Src/stm32wlxx_hal_uart.c.obj
                0x08001f98                HAL_UART_Transmit
 .text.UART_SetConfig
                0x080020a4      0x4e8 cmake/stm32cubemx/CMakeFiles/STM32_Drivers.dir/__/__/Drivers/STM32WLxx_HAL_Driver/Src/stm32wlxx_hal_uart.c.obj
                0x080020a4                UART_SetConfig
 .text.UART_AdvFeatureConfig
                0x0800258c      0x142 cmake/stm32cubemx/CMakeFiles/STM32_Drivers.dir/__/__/Drivers/STM32WLxx_HAL_Driver/Src/stm32wlxx_hal_uart.c.obj
                0x0800258c                UART_AdvFeatureConfig
 .text.UART_CheckIdleState
                0x080026ce       0x9c cmake/stm32cubemx/CMakeFiles/STM32_Drivers.dir/__/__/Drivers/STM32WLxx_HAL_Driver/Src/stm32wlxx_hal_uart.c.obj
                0x080026ce                UART_CheckIdleState
 .text.UART_WaitOnFlagUntilTimeout
                0x0800276a      0x19c cmake/stm32cubemx/CMakeFiles/STM32_Drivers.dir/__/__/Drivers/STM32WLxx_HAL_Driver/Src/stm32wlxx_hal_uart.c.obj
                0x0800276a                UART_WaitOnFlagUntilTimeout
 .text.HAL_UARTEx_DisableFifoMode
                0x08002906       0x70 cmake/stm32cubemx/CMakeFiles/STM32_Drivers.dir/__/__/Drivers/STM32WLxx_HAL_Driver/Src/stm32wlxx_hal_uart_ex.c.obj
                0x08002906                HAL_UARTEx_DisableFifoMode
 .text.HAL_UARTEx_SetTxFifoThreshold
                0x08002976       0x7c cmake/stm32cubemx/CMakeFiles/STM32_Drivers.dir/__/__/Drivers/STM32WLxx_HAL_Driver/Src/stm32wlxx_hal_uart_ex.c.obj
                0x08002976                HAL_UARTEx_SetTxFifoThreshold
 .text.HAL_UARTEx_SetRxFifoThreshold
                0x080029f2       0x7c cmake/stm32cubemx/CMakeFiles/STM32_Drivers.dir/__/__/Drivers/STM32WLxx_HAL_Driver/Src/stm32wlxx_hal_uart_ex.c.obj
                0x080029f2                HAL_UARTEx_SetRxFifoThreshold
 *fill*         0x08002a6e        0x2 
 .text.UARTEx_SetNbDataToProcess
                0x08002a70       0x98 cmake/stm32cubemx/CMakeFiles/STM32_Drivers.dir/__/__/Drivers/STM32WLxx_HAL_Driver/Src/stm32wlxx_hal_uart_ex.c.obj
 .text.LL_PWR_SetRadioBusyTrigger
                0x08002b08       0x28 cmake/stm32cubemx/CMakeFiles/STM32_Drivers.dir/__/__/Drivers/STM32WLxx_HAL_Driver/Src/stm32wlxx_hal_subghz.c.obj
 .text.LL_PWR_UnselectSUBGHZSPI_NSS
                0x08002b30       0x20 cmake/stm32cubemx/CMakeFiles/STM32_Drivers.dir/__/__/Drivers/STM32WLxx_HAL_Driver/Src/stm32wlxx_hal_subghz.c.obj
 .text.LL_PWR_SelectSUBGHZSPI_NSS
                0x08002b50       0x20 cmake/stm32cubemx/CMakeFiles/STM32_Drivers.dir/__/__/Drivers/STM32WLxx_HAL_Driver/Src/stm32wlxx_hal_subghz.c.obj
 .text.LL_PWR_ClearFlag_RFBUSY
                0x08002b70       0x18 cmake/stm32cubemx/CMakeFiles/STM32_Drivers.dir/__/__/Drivers/STM32WLxx_HAL_Driver/Src/stm32wlxx_hal_subghz.c.obj
 .text.LL_PWR_IsActiveFlag_RFBUSYS
                0x08002b88       0x24 cmake/stm32cubemx/CMakeFiles/STM32_Drivers.dir/__/__/Drivers/STM32WLxx_HAL_Driver/Src/stm32wlxx_hal_subghz.c.obj
 .text.LL_PWR_IsActiveFlag_RFBUSYMS
                0x08002bac       0x24 cmake/stm32cubemx/CMakeFiles/STM32_Drivers.dir/__/__/Drivers/STM32WLxx_HAL_Driver/Src/stm32wlxx_hal_subghz.c.obj
 .text.LL_RCC_RF_DisableReset
                0x08002bd0       0x20 cmake/stm32cubemx/CMakeFiles/STM32_Drivers.dir/__/__/Drivers/STM32WLxx_HAL_Driver/Src/stm32wlxx_hal_subghz.c.obj
 .text.LL_RCC_IsRFUnderReset
                0x08002bf0       0x24 cmake/stm32cubemx/CMakeFiles/STM32_Drivers.dir/__/__/Drivers/STM32WLxx_HAL_Driver/Src/stm32wlxx_hal_subghz.c.obj
 .text.LL_EXTI_EnableIT_32_63
                0x08002c14       0x28 cmake/stm32cubemx/CMakeFiles/STM32_Drivers.dir/__/__/Drivers/STM32WLxx_HAL_Driver/Src/stm32wlxx_hal_subghz.c.obj
 .text.HAL_SUBGHZ_Init
                0x08002c3c       0xc8 cmake/stm32cubemx/CMakeFiles/STM32_Drivers.dir/__/__/Drivers/STM32WLxx_HAL_Driver/Src/stm32wlxx_hal_subghz.c.obj
                0x08002c3c                HAL_SUBGHZ_Init
 .text.HAL_SUBGHZ_WriteRegisters
                0x08002d04       0xbe cmake/stm32cubemx/CMakeFiles/STM32_Drivers.dir/__/__/Drivers/STM32WLxx_HAL_Driver/Src/stm32wlxx_hal_subghz.c.obj
                0x08002d04                HAL_SUBGHZ_WriteRegisters
 .text.HAL_SUBGHZ_ReadRegisters
                0x08002dc2       0xc2 cmake/stm32cubemx/CMakeFiles/STM32_Drivers.dir/__/__/Drivers/STM32WLxx_HAL_Driver/Src/stm32wlxx_hal_subghz.c.obj
                0x08002dc2                HAL_SUBGHZ_ReadRegisters
 .text.HAL_SUBGHZ_ExecSetCmd
                0x08002e84       0xbe cmake/stm32cubemx/CMakeFiles/STM32_Drivers.dir/__/__/Drivers/STM32WLxx_HAL_Driver/Src/stm32wlxx_hal_subghz.c.obj
                0x08002e84                HAL_SUBGHZ_ExecSetCmd
 .text.HAL_SUBGHZ_ExecGetCmd
                0x08002f42       0xa8 cmake/stm32cubemx/CMakeFiles/STM32_Drivers.dir/__/__/Drivers/STM32WLxx_HAL_Driver/Src/stm32wlxx_hal_subghz.c.obj
                0x08002f42                HAL_SUBGHZ_ExecGetCmd
 .text.HAL_SUBGHZ_WriteBuffer
                0x08002fea       0xa6 cmake/stm32cubemx/CMakeFiles/STM32_Drivers.dir/__/__/Drivers/STM32WLxx_HAL_Driver/Src/stm32wlxx_hal_subghz.c.obj
                0x08002fea                HAL_SUBGHZ_WriteBuffer
 .text.HAL_SUBGHZ_ReadBuffer
                0x08003090       0xb0 cmake/stm32cubemx/CMakeFiles/STM32_Drivers.dir/__/__/Drivers/STM32WLxx_HAL_Driver/Src/stm32wlxx_hal_subghz.c.obj
                0x08003090                HAL_SUBGHZ_ReadBuffer
 .text.SUBGHZSPI_Init
                0x08003140       0x40 cmake/stm32cubemx/CMakeFiles/STM32_Drivers.dir/__/__/Drivers/STM32WLxx_HAL_Driver/Src/stm32wlxx_hal_subghz.c.obj
                0x08003140                SUBGHZSPI_Init
 .text.SUBGHZSPI_Transmit
                0x08003180       0xac cmake/stm32cubemx/CMakeFiles/STM32_Drivers.dir/__/__/Drivers/STM32WLxx_HAL_Driver/Src/stm32wlxx_hal_subghz.c.obj
                0x08003180                SUBGHZSPI_Transmit
 .text.SUBGHZSPI_Receive
                0x0800322c       0xb0 cmake/stm32cubemx/CMakeFiles/STM32_Drivers.dir/__/__/Drivers/STM32WLxx_HAL_Driver/Src/stm32wlxx_hal_subghz.c.obj
                0x0800322c                SUBGHZSPI_Receive
 .text.SUBGHZ_CheckDeviceReady
                0x080032dc       0x48 cmake/stm32cubemx/CMakeFiles/STM32_Drivers.dir/__/__/Drivers/STM32WLxx_HAL_Driver/Src/stm32wlxx_hal_subghz.c.obj
                0x080032dc                SUBGHZ_CheckDeviceReady
 .text.SUBGHZ_WaitOnBusy
                0x08003324       0x5c cmake/stm32cubemx/CMakeFiles/STM32_Drivers.dir/__/__/Drivers/STM32WLxx_HAL_Driver/Src/stm32wlxx_hal_subghz.c.obj
                0x08003324                SUBGHZ_WaitOnBusy
 .text.LL_AHB2_GRP1_EnableClock
                0x08003380       0x30 cmake/stm32cubemx/CMakeFiles/STM32_Drivers.dir/__/__/Drivers/BSP/STM32WLxx_Nucleo/stm32wlxx_nucleo_radio.c.obj
 .text.BSP_RADIO_Init
                0x080033b0       0x7c cmake/stm32cubemx/CMakeFiles/STM32_Drivers.dir/__/__/Drivers/BSP/STM32WLxx_Nucleo/stm32wlxx_nucleo_radio.c.obj
                0x080033b0                BSP_RADIO_Init
 .text.BSP_RADIO_ConfigRFSwitch
                0x0800342c       0xb8 cmake/stm32cubemx/CMakeFiles/STM32_Drivers.dir/__/__/Drivers/BSP/STM32WLxx_Nucleo/stm32wlxx_nucleo_radio.c.obj
                0x0800342c                BSP_RADIO_ConfigRFSwitch
 .text.BSP_RADIO_GetTxConfig
                0x080034e4        0xe cmake/stm32cubemx/CMakeFiles/STM32_Drivers.dir/__/__/Drivers/BSP/STM32WLxx_Nucleo/stm32wlxx_nucleo_radio.c.obj
                0x080034e4                BSP_RADIO_GetTxConfig
 .text.BSP_RADIO_IsTCXO
                0x080034f2        0xe cmake/stm32cubemx/CMakeFiles/STM32_Drivers.dir/__/__/Drivers/BSP/STM32WLxx_Nucleo/stm32wlxx_nucleo_radio.c.obj
                0x080034f2                BSP_RADIO_IsTCXO
 .text.BSP_RADIO_IsDCDC
                0x08003500        0xe cmake/stm32cubemx/CMakeFiles/STM32_Drivers.dir/__/__/Drivers/BSP/STM32WLxx_Nucleo/stm32wlxx_nucleo_radio.c.obj
                0x08003500                BSP_RADIO_IsDCDC
 .text.BSP_RADIO_GetRFOMaxPowerConfig
                0x0800350e       0x26 cmake/stm32cubemx/CMakeFiles/STM32_Drivers.dir/__/__/Drivers/BSP/STM32WLxx_Nucleo/stm32wlxx_nucleo_radio.c.obj
                0x0800350e                BSP_RADIO_GetRFOMaxPowerConfig
 .text.UTIL_MEM_cpy_8
                0x08003534       0x3e cmake/stm32cubemx/CMakeFiles/Utilities.dir/__/__/Utilities/misc/stm32_mem.c.obj
                0x08003534                UTIL_MEM_cpy_8
 .text.UTIL_MEM_set_8
                0x08003572       0x36 cmake/stm32cubemx/CMakeFiles/Utilities.dir/__/__/Utilities/misc/stm32_mem.c.obj
                0x08003572                UTIL_MEM_set_8
 .text.UTIL_TIMER_Create
                0x080035a8       0x6c cmake/stm32cubemx/CMakeFiles/Utilities.dir/__/__/Utilities/timer/stm32_timer.c.obj
                0x080035a8                UTIL_TIMER_Create
 .text.UTIL_TIMER_Start
                0x08003614       0xdc cmake/stm32cubemx/CMakeFiles/Utilities.dir/__/__/Utilities/timer/stm32_timer.c.obj
                0x08003614                UTIL_TIMER_Start
 .text.UTIL_TIMER_Stop
                0x080036f0       0xe0 cmake/stm32cubemx/CMakeFiles/Utilities.dir/__/__/Utilities/timer/stm32_timer.c.obj
                0x080036f0                UTIL_TIMER_Stop
 .text.UTIL_TIMER_SetPeriod
                0x080037d0       0x54 cmake/stm32cubemx/CMakeFiles/Utilities.dir/__/__/Utilities/timer/stm32_timer.c.obj
                0x080037d0                UTIL_TIMER_SetPeriod
 .text.UTIL_TIMER_GetCurrentTime
                0x08003824       0x24 cmake/stm32cubemx/CMakeFiles/Utilities.dir/__/__/Utilities/timer/stm32_timer.c.obj
                0x08003824                UTIL_TIMER_GetCurrentTime
 .text.UTIL_TIMER_GetElapsedTime
                0x08003848       0x38 cmake/stm32cubemx/CMakeFiles/Utilities.dir/__/__/Utilities/timer/stm32_timer.c.obj
                0x08003848                UTIL_TIMER_GetElapsedTime
 .text.TimerExists
                0x08003880       0x38 cmake/stm32cubemx/CMakeFiles/Utilities.dir/__/__/Utilities/timer/stm32_timer.c.obj
                0x08003880                TimerExists
 .text.TimerSetTimeout
                0x080038b8       0x54 cmake/stm32cubemx/CMakeFiles/Utilities.dir/__/__/Utilities/timer/stm32_timer.c.obj
                0x080038b8                TimerSetTimeout
 .text.TimerInsertTimer
                0x0800390c       0x60 cmake/stm32cubemx/CMakeFiles/Utilities.dir/__/__/Utilities/timer/stm32_timer.c.obj
                0x0800390c                TimerInsertTimer
 .text.TimerInsertNewHeadTimer
                0x0800396c       0x3c cmake/stm32cubemx/CMakeFiles/Utilities.dir/__/__/Utilities/timer/stm32_timer.c.obj
                0x0800396c                TimerInsertNewHeadTimer
 .text.RadioInit
                0x080039a8       0xb8 cmake/stm32cubemx/CMakeFiles/SubGHz_Phy.dir/__/__/Middlewares/Third_Party/SubGHz_Phy/stm32_radio_driver/radio.c.obj
 .text.RadioGetStatus
                0x08003a60       0x2e cmake/stm32cubemx/CMakeFiles/SubGHz_Phy.dir/__/__/Middlewares/Third_Party/SubGHz_Phy/stm32_radio_driver/radio.c.obj
 *fill*         0x08003a8e        0x2 
 .text.RadioSetModem
                0x08003a90       0xb8 cmake/stm32cubemx/CMakeFiles/SubGHz_Phy.dir/__/__/Middlewares/Third_Party/SubGHz_Phy/stm32_radio_driver/radio.c.obj
 .text.RadioSetChannel
                0x08003b48       0x16 cmake/stm32cubemx/CMakeFiles/SubGHz_Phy.dir/__/__/Middlewares/Third_Party/SubGHz_Phy/stm32_radio_driver/radio.c.obj
 .text.RadioIsChannelFree
                0x08003b5e       0xb4 cmake/stm32cubemx/CMakeFiles/SubGHz_Phy.dir/__/__/Middlewares/Third_Party/SubGHz_Phy/stm32_radio_driver/radio.c.obj
 .text.RadioRandom
                0x08003c12       0x26 cmake/stm32cubemx/CMakeFiles/SubGHz_Phy.dir/__/__/Middlewares/Third_Party/SubGHz_Phy/stm32_radio_driver/radio.c.obj
 .text.RadioSetRxConfig
                0x08003c38      0x418 cmake/stm32cubemx/CMakeFiles/SubGHz_Phy.dir/__/__/Middlewares/Third_Party/SubGHz_Phy/stm32_radio_driver/radio.c.obj
 .text.RadioSetTxConfig
                0x08004050      0x224 cmake/stm32cubemx/CMakeFiles/SubGHz_Phy.dir/__/__/Middlewares/Third_Party/SubGHz_Phy/stm32_radio_driver/radio.c.obj
 .text.RadioCheckRfFrequency
                0x08004274       0x14 cmake/stm32cubemx/CMakeFiles/SubGHz_Phy.dir/__/__/Middlewares/Third_Party/SubGHz_Phy/stm32_radio_driver/radio.c.obj
 .text.RadioGetLoRaBandwidthInHz
                0x08004288       0xac cmake/stm32cubemx/CMakeFiles/SubGHz_Phy.dir/__/__/Middlewares/Third_Party/SubGHz_Phy/stm32_radio_driver/radio.c.obj
 .text.RadioGetGfskTimeOnAirNumerator
                0x08004334       0x54 cmake/stm32cubemx/CMakeFiles/SubGHz_Phy.dir/__/__/Middlewares/Third_Party/SubGHz_Phy/stm32_radio_driver/radio.c.obj
 .text.RadioGetLoRaTimeOnAirNumerator
                0x08004388      0x102 cmake/stm32cubemx/CMakeFiles/SubGHz_Phy.dir/__/__/Middlewares/Third_Party/SubGHz_Phy/stm32_radio_driver/radio.c.obj
 *fill*         0x0800448a        0x2 
 .text.RadioTimeOnAir
                0x0800448c       0xb0 cmake/stm32cubemx/CMakeFiles/SubGHz_Phy.dir/__/__/Middlewares/Third_Party/SubGHz_Phy/stm32_radio_driver/radio.c.obj
 .text.RadioSend
                0x0800453c      0x1f0 cmake/stm32cubemx/CMakeFiles/SubGHz_Phy.dir/__/__/Middlewares/Third_Party/SubGHz_Phy/stm32_radio_driver/radio.c.obj
 .text.RadioSleep
                0x0800472c       0x26 cmake/stm32cubemx/CMakeFiles/SubGHz_Phy.dir/__/__/Middlewares/Third_Party/SubGHz_Phy/stm32_radio_driver/radio.c.obj
 .text.RadioStandby
                0x08004752        0xe cmake/stm32cubemx/CMakeFiles/SubGHz_Phy.dir/__/__/Middlewares/Third_Party/SubGHz_Phy/stm32_radio_driver/radio.c.obj
 .text.RadioRx  0x08004760       0x80 cmake/stm32cubemx/CMakeFiles/SubGHz_Phy.dir/__/__/Middlewares/Third_Party/SubGHz_Phy/stm32_radio_driver/radio.c.obj
 .text.RadioRxBoosted
                0x080047e0       0x80 cmake/stm32cubemx/CMakeFiles/SubGHz_Phy.dir/__/__/Middlewares/Third_Party/SubGHz_Phy/stm32_radio_driver/radio.c.obj
 .text.RadioSetRxDutyCycle
                0x08004860       0x48 cmake/stm32cubemx/CMakeFiles/SubGHz_Phy.dir/__/__/Middlewares/Third_Party/SubGHz_Phy/stm32_radio_driver/radio.c.obj
 .text.RadioStartCad
                0x080048a8       0x30 cmake/stm32cubemx/CMakeFiles/SubGHz_Phy.dir/__/__/Middlewares/Third_Party/SubGHz_Phy/stm32_radio_driver/radio.c.obj
 .text.RadioSetTxContinuousWave
                0x080048d8       0x64 cmake/stm32cubemx/CMakeFiles/SubGHz_Phy.dir/__/__/Middlewares/Third_Party/SubGHz_Phy/stm32_radio_driver/radio.c.obj
 .text.RadioRssi
                0x0800493c       0x18 cmake/stm32cubemx/CMakeFiles/SubGHz_Phy.dir/__/__/Middlewares/Third_Party/SubGHz_Phy/stm32_radio_driver/radio.c.obj
 .text.RadioWrite
                0x08004954       0x24 cmake/stm32cubemx/CMakeFiles/SubGHz_Phy.dir/__/__/Middlewares/Third_Party/SubGHz_Phy/stm32_radio_driver/radio.c.obj
 .text.RadioRead
                0x08004978       0x1c cmake/stm32cubemx/CMakeFiles/SubGHz_Phy.dir/__/__/Middlewares/Third_Party/SubGHz_Phy/stm32_radio_driver/radio.c.obj
 .text.RadioWriteRegisters
                0x08004994       0x26 cmake/stm32cubemx/CMakeFiles/SubGHz_Phy.dir/__/__/Middlewares/Third_Party/SubGHz_Phy/stm32_radio_driver/radio.c.obj
 .text.RadioReadRegisters
                0x080049ba       0x26 cmake/stm32cubemx/CMakeFiles/SubGHz_Phy.dir/__/__/Middlewares/Third_Party/SubGHz_Phy/stm32_radio_driver/radio.c.obj
 .text.RadioSetMaxPayloadLength
                0x080049e0       0x5c cmake/stm32cubemx/CMakeFiles/SubGHz_Phy.dir/__/__/Middlewares/Third_Party/SubGHz_Phy/stm32_radio_driver/radio.c.obj
 .text.RadioSetPublicNetwork
                0x08004a3c       0x5c cmake/stm32cubemx/CMakeFiles/SubGHz_Phy.dir/__/__/Middlewares/Third_Party/SubGHz_Phy/stm32_radio_driver/radio.c.obj
 .text.RadioGetWakeupTime
                0x08004a98       0x10 cmake/stm32cubemx/CMakeFiles/SubGHz_Phy.dir/__/__/Middlewares/Third_Party/SubGHz_Phy/stm32_radio_driver/radio.c.obj
 .text.RadioOnTxTimeoutIrq
                0x08004aa8       0x14 cmake/stm32cubemx/CMakeFiles/SubGHz_Phy.dir/__/__/Middlewares/Third_Party/SubGHz_Phy/stm32_radio_driver/radio.c.obj
 .text.RadioOnRxTimeoutIrq
                0x08004abc       0x14 cmake/stm32cubemx/CMakeFiles/SubGHz_Phy.dir/__/__/Middlewares/Third_Party/SubGHz_Phy/stm32_radio_driver/radio.c.obj
 .text.RadioOnTxTimeoutProcess
                0x08004ad0       0x28 cmake/stm32cubemx/CMakeFiles/SubGHz_Phy.dir/__/__/Middlewares/Third_Party/SubGHz_Phy/stm32_radio_driver/radio.c.obj
 .text.RadioOnRxTimeoutProcess
                0x08004af8       0x28 cmake/stm32cubemx/CMakeFiles/SubGHz_Phy.dir/__/__/Middlewares/Third_Party/SubGHz_Phy/stm32_radio_driver/radio.c.obj
 .text.RadioOnDioIrq
                0x08004b20       0x24 cmake/stm32cubemx/CMakeFiles/SubGHz_Phy.dir/__/__/Middlewares/Third_Party/SubGHz_Phy/stm32_radio_driver/radio.c.obj
 .text.RadioIrqProcess
                0x08004b44      0x3e8 cmake/stm32cubemx/CMakeFiles/SubGHz_Phy.dir/__/__/Middlewares/Third_Party/SubGHz_Phy/stm32_radio_driver/radio.c.obj
 .text.RadioTxPrbs
                0x08004f2c       0x38 cmake/stm32cubemx/CMakeFiles/SubGHz_Phy.dir/__/__/Middlewares/Third_Party/SubGHz_Phy/stm32_radio_driver/radio.c.obj
 .text.RadioTxCw
                0x08004f64       0x38 cmake/stm32cubemx/CMakeFiles/SubGHz_Phy.dir/__/__/Middlewares/Third_Party/SubGHz_Phy/stm32_radio_driver/radio.c.obj
 .text.payload_integration
                0x08004f9c      0x124 cmake/stm32cubemx/CMakeFiles/SubGHz_Phy.dir/__/__/Middlewares/Third_Party/SubGHz_Phy/stm32_radio_driver/radio.c.obj
 .text.RadioSetRxGenericConfig
                0x080050c0      0x38c cmake/stm32cubemx/CMakeFiles/SubGHz_Phy.dir/__/__/Middlewares/Third_Party/SubGHz_Phy/stm32_radio_driver/radio.c.obj
 .text.RadioSetTxGenericConfig
                0x0800544c      0x470 cmake/stm32cubemx/CMakeFiles/SubGHz_Phy.dir/__/__/Middlewares/Third_Party/SubGHz_Phy/stm32_radio_driver/radio.c.obj
 .text.RadioLrFhssSetCfg
                0x080058bc       0x18 cmake/stm32cubemx/CMakeFiles/SubGHz_Phy.dir/__/__/Middlewares/Third_Party/SubGHz_Phy/stm32_radio_driver/radio.c.obj
 .text.RadioLrFhssGetTimeOnAirInMs
                0x080058d4       0x16 cmake/stm32cubemx/CMakeFiles/SubGHz_Phy.dir/__/__/Middlewares/Third_Party/SubGHz_Phy/stm32_radio_driver/radio.c.obj
 .text.RFW_TransmitLongPacket
                0x080058ea       0x24 cmake/stm32cubemx/CMakeFiles/SubGHz_Phy.dir/__/__/Middlewares/Third_Party/SubGHz_Phy/stm32_radio_driver/radio_fw.c.obj
                0x080058ea                RFW_TransmitLongPacket
 .text.RFW_ReceiveLongPacket
                0x0800590e       0x24 cmake/stm32cubemx/CMakeFiles/SubGHz_Phy.dir/__/__/Middlewares/Third_Party/SubGHz_Phy/stm32_radio_driver/radio_fw.c.obj
                0x0800590e                RFW_ReceiveLongPacket
 .text.RFW_Init
                0x08005932       0x1a cmake/stm32cubemx/CMakeFiles/SubGHz_Phy.dir/__/__/Middlewares/Third_Party/SubGHz_Phy/stm32_radio_driver/radio_fw.c.obj
                0x08005932                RFW_Init
 .text.RFW_DeInit
                0x0800594c        0xc cmake/stm32cubemx/CMakeFiles/SubGHz_Phy.dir/__/__/Middlewares/Third_Party/SubGHz_Phy/stm32_radio_driver/radio_fw.c.obj
                0x0800594c                RFW_DeInit
 .text.RFW_Is_Init
                0x08005958        0xe cmake/stm32cubemx/CMakeFiles/SubGHz_Phy.dir/__/__/Middlewares/Third_Party/SubGHz_Phy/stm32_radio_driver/radio_fw.c.obj
                0x08005958                RFW_Is_Init
 .text.RFW_Is_LongPacketModeEnabled
                0x08005966        0xe cmake/stm32cubemx/CMakeFiles/SubGHz_Phy.dir/__/__/Middlewares/Third_Party/SubGHz_Phy/stm32_radio_driver/radio_fw.c.obj
                0x08005966                RFW_Is_LongPacketModeEnabled
 .text.RFW_SetAntSwitch
                0x08005974       0x14 cmake/stm32cubemx/CMakeFiles/SubGHz_Phy.dir/__/__/Middlewares/Third_Party/SubGHz_Phy/stm32_radio_driver/radio_fw.c.obj
                0x08005974                RFW_SetAntSwitch
 .text.RFW_TransmitInit
                0x08005988       0x20 cmake/stm32cubemx/CMakeFiles/SubGHz_Phy.dir/__/__/Middlewares/Third_Party/SubGHz_Phy/stm32_radio_driver/radio_fw.c.obj
                0x08005988                RFW_TransmitInit
 .text.RFW_ReceiveInit
                0x080059a8       0x10 cmake/stm32cubemx/CMakeFiles/SubGHz_Phy.dir/__/__/Middlewares/Third_Party/SubGHz_Phy/stm32_radio_driver/radio_fw.c.obj
                0x080059a8                RFW_ReceiveInit
 .text.RFW_DeInit_TxLongPacket
                0x080059b8        0xc cmake/stm32cubemx/CMakeFiles/SubGHz_Phy.dir/__/__/Middlewares/Third_Party/SubGHz_Phy/stm32_radio_driver/radio_fw.c.obj
                0x080059b8                RFW_DeInit_TxLongPacket
 .text.RFW_ReceivePayload
                0x080059c4        0xc cmake/stm32cubemx/CMakeFiles/SubGHz_Phy.dir/__/__/Middlewares/Third_Party/SubGHz_Phy/stm32_radio_driver/radio_fw.c.obj
                0x080059c4                RFW_ReceivePayload
 .text.RFW_SetRadioModem
                0x080059d0       0x14 cmake/stm32cubemx/CMakeFiles/SubGHz_Phy.dir/__/__/Middlewares/Third_Party/SubGHz_Phy/stm32_radio_driver/radio_fw.c.obj
                0x080059d0                RFW_SetRadioModem
 .text.SUBGRF_Init
                0x080059e4       0x90 cmake/stm32cubemx/CMakeFiles/SubGHz_Phy.dir/__/__/Middlewares/Third_Party/SubGHz_Phy/stm32_radio_driver/radio_driver.c.obj
                0x080059e4                SUBGRF_Init
 .text.SUBGRF_GetOperatingMode
                0x08005a74       0x14 cmake/stm32cubemx/CMakeFiles/SubGHz_Phy.dir/__/__/Middlewares/Third_Party/SubGHz_Phy/stm32_radio_driver/radio_driver.c.obj
                0x08005a74                SUBGRF_GetOperatingMode
 .text.SUBGRF_SetPayload
                0x08005a88       0x20 cmake/stm32cubemx/CMakeFiles/SubGHz_Phy.dir/__/__/Middlewares/Third_Party/SubGHz_Phy/stm32_radio_driver/radio_driver.c.obj
                0x08005a88                SUBGRF_SetPayload
 .text.SUBGRF_GetPayload
                0x08005aa8       0x44 cmake/stm32cubemx/CMakeFiles/SubGHz_Phy.dir/__/__/Middlewares/Third_Party/SubGHz_Phy/stm32_radio_driver/radio_driver.c.obj
                0x08005aa8                SUBGRF_GetPayload
 .text.SUBGRF_SendPayload
                0x08005aec       0x26 cmake/stm32cubemx/CMakeFiles/SubGHz_Phy.dir/__/__/Middlewares/Third_Party/SubGHz_Phy/stm32_radio_driver/radio_driver.c.obj
                0x08005aec                SUBGRF_SendPayload
 .text.SUBGRF_SetSyncWord
                0x08005b12       0x1e cmake/stm32cubemx/CMakeFiles/SubGHz_Phy.dir/__/__/Middlewares/Third_Party/SubGHz_Phy/stm32_radio_driver/radio_driver.c.obj
                0x08005b12                SUBGRF_SetSyncWord
 .text.SUBGRF_SetCrcSeed
                0x08005b30       0x40 cmake/stm32cubemx/CMakeFiles/SubGHz_Phy.dir/__/__/Middlewares/Third_Party/SubGHz_Phy/stm32_radio_driver/radio_driver.c.obj
                0x08005b30                SUBGRF_SetCrcSeed
 .text.SUBGRF_SetCrcPolynomial
                0x08005b70       0x40 cmake/stm32cubemx/CMakeFiles/SubGHz_Phy.dir/__/__/Middlewares/Third_Party/SubGHz_Phy/stm32_radio_driver/radio_driver.c.obj
                0x08005b70                SUBGRF_SetCrcPolynomial
 .text.SUBGRF_SetWhiteningSeed
                0x08005bb0       0x66 cmake/stm32cubemx/CMakeFiles/SubGHz_Phy.dir/__/__/Middlewares/Third_Party/SubGHz_Phy/stm32_radio_driver/radio_driver.c.obj
                0x08005bb0                SUBGRF_SetWhiteningSeed
 .text.SUBGRF_GetRandom
                0x08005c16       0x8c cmake/stm32cubemx/CMakeFiles/SubGHz_Phy.dir/__/__/Middlewares/Third_Party/SubGHz_Phy/stm32_radio_driver/radio_driver.c.obj
                0x08005c16                SUBGRF_GetRandom
 *fill*         0x08005ca2        0x2 
 .text.SUBGRF_SetSleep
                0x08005ca4       0x68 cmake/stm32cubemx/CMakeFiles/SubGHz_Phy.dir/__/__/Middlewares/Third_Party/SubGHz_Phy/stm32_radio_driver/radio_driver.c.obj
                0x08005ca4                SUBGRF_SetSleep
 .text.SUBGRF_SetStandby
                0x08005d0c       0x38 cmake/stm32cubemx/CMakeFiles/SubGHz_Phy.dir/__/__/Middlewares/Third_Party/SubGHz_Phy/stm32_radio_driver/radio_driver.c.obj
                0x08005d0c                SUBGRF_SetStandby
 .text.SUBGRF_SetTx
                0x08005d44       0x40 cmake/stm32cubemx/CMakeFiles/SubGHz_Phy.dir/__/__/Middlewares/Third_Party/SubGHz_Phy/stm32_radio_driver/radio_driver.c.obj
                0x08005d44                SUBGRF_SetTx
 .text.SUBGRF_SetRx
                0x08005d84       0x40 cmake/stm32cubemx/CMakeFiles/SubGHz_Phy.dir/__/__/Middlewares/Third_Party/SubGHz_Phy/stm32_radio_driver/radio_driver.c.obj
                0x08005d84                SUBGRF_SetRx
 .text.SUBGRF_SetRxBoosted
                0x08005dc4       0x48 cmake/stm32cubemx/CMakeFiles/SubGHz_Phy.dir/__/__/Middlewares/Third_Party/SubGHz_Phy/stm32_radio_driver/radio_driver.c.obj
                0x08005dc4                SUBGRF_SetRxBoosted
 .text.SUBGRF_SetRxDutyCycle
                0x08005e0c       0x58 cmake/stm32cubemx/CMakeFiles/SubGHz_Phy.dir/__/__/Middlewares/Third_Party/SubGHz_Phy/stm32_radio_driver/radio_driver.c.obj
                0x08005e0c                SUBGRF_SetRxDutyCycle
 .text.SUBGRF_SetCad
                0x08005e64       0x1c cmake/stm32cubemx/CMakeFiles/SubGHz_Phy.dir/__/__/Middlewares/Third_Party/SubGHz_Phy/stm32_radio_driver/radio_driver.c.obj
                0x08005e64                SUBGRF_SetCad
 .text.SUBGRF_SetTxContinuousWave
                0x08005e80       0x12 cmake/stm32cubemx/CMakeFiles/SubGHz_Phy.dir/__/__/Middlewares/Third_Party/SubGHz_Phy/stm32_radio_driver/radio_driver.c.obj
                0x08005e80                SUBGRF_SetTxContinuousWave
 .text.SUBGRF_SetTxInfinitePreamble
                0x08005e92       0x12 cmake/stm32cubemx/CMakeFiles/SubGHz_Phy.dir/__/__/Middlewares/Third_Party/SubGHz_Phy/stm32_radio_driver/radio_driver.c.obj
                0x08005e92                SUBGRF_SetTxInfinitePreamble
 .text.SUBGRF_SetStopRxTimerOnPreambleDetect
                0x08005ea4       0x1e cmake/stm32cubemx/CMakeFiles/SubGHz_Phy.dir/__/__/Middlewares/Third_Party/SubGHz_Phy/stm32_radio_driver/radio_driver.c.obj
                0x08005ea4                SUBGRF_SetStopRxTimerOnPreambleDetect
 .text.SUBGRF_SetLoRaSymbNumTimeout
                0x08005ec2       0x5e cmake/stm32cubemx/CMakeFiles/SubGHz_Phy.dir/__/__/Middlewares/Third_Party/SubGHz_Phy/stm32_radio_driver/radio_driver.c.obj
                0x08005ec2                SUBGRF_SetLoRaSymbNumTimeout
 .text.SUBGRF_SetRegulatorMode
                0x08005f20       0x2e cmake/stm32cubemx/CMakeFiles/SubGHz_Phy.dir/__/__/Middlewares/Third_Party/SubGHz_Phy/stm32_radio_driver/radio_driver.c.obj
                0x08005f20                SUBGRF_SetRegulatorMode
 .text.SUBGRF_Calibrate
                0x08005f4e       0x98 cmake/stm32cubemx/CMakeFiles/SubGHz_Phy.dir/__/__/Middlewares/Third_Party/SubGHz_Phy/stm32_radio_driver/radio_driver.c.obj
                0x08005f4e                SUBGRF_Calibrate
 *fill*         0x08005fe6        0x2 
 .text.SUBGRF_CalibrateImage
                0x08005fe8       0x94 cmake/stm32cubemx/CMakeFiles/SubGHz_Phy.dir/__/__/Middlewares/Third_Party/SubGHz_Phy/stm32_radio_driver/radio_driver.c.obj
                0x08005fe8                SUBGRF_CalibrateImage
 .text.SUBGRF_SetPaConfig
                0x0800607c       0x44 cmake/stm32cubemx/CMakeFiles/SubGHz_Phy.dir/__/__/Middlewares/Third_Party/SubGHz_Phy/stm32_radio_driver/radio_driver.c.obj
                0x0800607c                SUBGRF_SetPaConfig
 .text.SUBGRF_SetDioIrqParams
                0x080060c0       0x74 cmake/stm32cubemx/CMakeFiles/SubGHz_Phy.dir/__/__/Middlewares/Third_Party/SubGHz_Phy/stm32_radio_driver/radio_driver.c.obj
                0x080060c0                SUBGRF_SetDioIrqParams
 .text.SUBGRF_SetTcxoMode
                0x08006134       0x42 cmake/stm32cubemx/CMakeFiles/SubGHz_Phy.dir/__/__/Middlewares/Third_Party/SubGHz_Phy/stm32_radio_driver/radio_driver.c.obj
                0x08006134                SUBGRF_SetTcxoMode
 *fill*         0x08006176        0x2 
 .text.SUBGRF_SetRfFrequency
                0x08006178       0x8c cmake/stm32cubemx/CMakeFiles/SubGHz_Phy.dir/__/__/Middlewares/Third_Party/SubGHz_Phy/stm32_radio_driver/radio_driver.c.obj
                0x08006178                SUBGRF_SetRfFrequency
 .text.SUBGRF_SetPacketType
                0x08006204       0x38 cmake/stm32cubemx/CMakeFiles/SubGHz_Phy.dir/__/__/Middlewares/Third_Party/SubGHz_Phy/stm32_radio_driver/radio_driver.c.obj
                0x08006204                SUBGRF_SetPacketType
 .text.SUBGRF_GetPacketType
                0x0800623c       0x14 cmake/stm32cubemx/CMakeFiles/SubGHz_Phy.dir/__/__/Middlewares/Third_Party/SubGHz_Phy/stm32_radio_driver/radio_driver.c.obj
                0x0800623c                SUBGRF_GetPacketType
 .text.SUBGRF_SetTxParams
                0x08006250      0x19a cmake/stm32cubemx/CMakeFiles/SubGHz_Phy.dir/__/__/Middlewares/Third_Party/SubGHz_Phy/stm32_radio_driver/radio_driver.c.obj
                0x08006250                SUBGRF_SetTxParams
 *fill*         0x080063ea        0x2 
 .text.SUBGRF_SetModulationParams
                0x080063ec      0x19c cmake/stm32cubemx/CMakeFiles/SubGHz_Phy.dir/__/__/Middlewares/Third_Party/SubGHz_Phy/stm32_radio_driver/radio_driver.c.obj
                0x080063ec                SUBGRF_SetModulationParams
 .text.SUBGRF_SetPacketParams
                0x08006588      0x138 cmake/stm32cubemx/CMakeFiles/SubGHz_Phy.dir/__/__/Middlewares/Third_Party/SubGHz_Phy/stm32_radio_driver/radio_driver.c.obj
                0x08006588                SUBGRF_SetPacketParams
 .text.SUBGRF_SetBufferBaseAddress
                0x080066c0       0x2e cmake/stm32cubemx/CMakeFiles/SubGHz_Phy.dir/__/__/Middlewares/Third_Party/SubGHz_Phy/stm32_radio_driver/radio_driver.c.obj
                0x080066c0                SUBGRF_SetBufferBaseAddress
 .text.SUBGRF_GetRssiInst
                0x080066ee       0x2a cmake/stm32cubemx/CMakeFiles/SubGHz_Phy.dir/__/__/Middlewares/Third_Party/SubGHz_Phy/stm32_radio_driver/radio_driver.c.obj
                0x080066ee                SUBGRF_GetRssiInst
 .text.SUBGRF_GetRxBufferStatus
                0x08006718       0x58 cmake/stm32cubemx/CMakeFiles/SubGHz_Phy.dir/__/__/Middlewares/Third_Party/SubGHz_Phy/stm32_radio_driver/radio_driver.c.obj
                0x08006718                SUBGRF_GetRxBufferStatus
 .text.SUBGRF_GetPacketStatus
                0x08006770       0xa4 cmake/stm32cubemx/CMakeFiles/SubGHz_Phy.dir/__/__/Middlewares/Third_Party/SubGHz_Phy/stm32_radio_driver/radio_driver.c.obj
                0x08006770                SUBGRF_GetPacketStatus
 .text.SUBGRF_WriteRegister
                0x08006814       0x44 cmake/stm32cubemx/CMakeFiles/SubGHz_Phy.dir/__/__/Middlewares/Third_Party/SubGHz_Phy/stm32_radio_driver/radio_driver.c.obj
                0x08006814                SUBGRF_WriteRegister
 .text.SUBGRF_ReadRegister
                0x08006858       0x40 cmake/stm32cubemx/CMakeFiles/SubGHz_Phy.dir/__/__/Middlewares/Third_Party/SubGHz_Phy/stm32_radio_driver/radio_driver.c.obj
                0x08006858                SUBGRF_ReadRegister
 .text.SUBGRF_WriteRegisters
                0x08006898       0x44 cmake/stm32cubemx/CMakeFiles/SubGHz_Phy.dir/__/__/Middlewares/Third_Party/SubGHz_Phy/stm32_radio_driver/radio_driver.c.obj
                0x08006898                SUBGRF_WriteRegisters
 .text.SUBGRF_ReadRegisters
                0x080068dc       0x44 cmake/stm32cubemx/CMakeFiles/SubGHz_Phy.dir/__/__/Middlewares/Third_Party/SubGHz_Phy/stm32_radio_driver/radio_driver.c.obj
                0x080068dc                SUBGRF_ReadRegisters
 .text.SUBGRF_WriteBuffer
                0x08006920       0x44 cmake/stm32cubemx/CMakeFiles/SubGHz_Phy.dir/__/__/Middlewares/Third_Party/SubGHz_Phy/stm32_radio_driver/radio_driver.c.obj
                0x08006920                SUBGRF_WriteBuffer
 .text.SUBGRF_ReadBuffer
                0x08006964       0x44 cmake/stm32cubemx/CMakeFiles/SubGHz_Phy.dir/__/__/Middlewares/Third_Party/SubGHz_Phy/stm32_radio_driver/radio_driver.c.obj
                0x08006964                SUBGRF_ReadBuffer
 .text.SUBGRF_WriteCommand
                0x080069a8       0x44 cmake/stm32cubemx/CMakeFiles/SubGHz_Phy.dir/__/__/Middlewares/Third_Party/SubGHz_Phy/stm32_radio_driver/radio_driver.c.obj
                0x080069a8                SUBGRF_WriteCommand
 .text.SUBGRF_ReadCommand
                0x080069ec       0x44 cmake/stm32cubemx/CMakeFiles/SubGHz_Phy.dir/__/__/Middlewares/Third_Party/SubGHz_Phy/stm32_radio_driver/radio_driver.c.obj
                0x080069ec                SUBGRF_ReadCommand
 .text.SUBGRF_SetSwitch
                0x08006a30       0x50 cmake/stm32cubemx/CMakeFiles/SubGHz_Phy.dir/__/__/Middlewares/Third_Party/SubGHz_Phy/stm32_radio_driver/radio_driver.c.obj
                0x08006a30                SUBGRF_SetSwitch
 .text.SUBGRF_SetRfTxPower
                0x08006a80       0x68 cmake/stm32cubemx/CMakeFiles/SubGHz_Phy.dir/__/__/Middlewares/Third_Party/SubGHz_Phy/stm32_radio_driver/radio_driver.c.obj
                0x08006a80                SUBGRF_SetRfTxPower
 .text.SUBGRF_GetRadioWakeUpTime
                0x08006ae8        0xe cmake/stm32cubemx/CMakeFiles/SubGHz_Phy.dir/__/__/Middlewares/Third_Party/SubGHz_Phy/stm32_radio_driver/radio_driver.c.obj
                0x08006ae8                SUBGRF_GetRadioWakeUpTime
 .text.Radio_SMPS_Set
                0x08006af6       0x42 cmake/stm32cubemx/CMakeFiles/SubGHz_Phy.dir/__/__/Middlewares/Third_Party/SubGHz_Phy/stm32_radio_driver/radio_driver.c.obj
 .text.SUBGRF_GetFskBandwidthRegValue
                0x08006b38       0x50 cmake/stm32cubemx/CMakeFiles/SubGHz_Phy.dir/__/__/Middlewares/Third_Party/SubGHz_Phy/stm32_radio_driver/radio_driver.c.obj
                0x08006b38                SUBGRF_GetFskBandwidthRegValue
 .text.SUBGRF_GetCFO
                0x08006b88       0xe8 cmake/stm32cubemx/CMakeFiles/SubGHz_Phy.dir/__/__/Middlewares/Third_Party/SubGHz_Phy/stm32_radio_driver/radio_driver.c.obj
                0x08006b88                SUBGRF_GetCFO
 .text.MX_SubGHz_Phy_Init
                0x08006c70       0x10 CMakeFiles/SingleWL55.dir/SubGHz_Phy/App/app_subghz_phy.c.obj
                0x08006c70                MX_SubGHz_Phy_Init
 .text.MX_SubGHz_Phy_Process
                0x08006c80        0xc CMakeFiles/SingleWL55.dir/SubGHz_Phy/App/app_subghz_phy.c.obj
                0x08006c80                MX_SubGHz_Phy_Process
 .text.SubghzApp_Init
                0x08006c8c       0x4c CMakeFiles/SingleWL55.dir/SubGHz_Phy/App/subghz_phy_app.c.obj
                0x08006c8c                SubghzApp_Init
 .text.OnTxDone
                0x08006cd8        0xc CMakeFiles/SingleWL55.dir/SubGHz_Phy/App/subghz_phy_app.c.obj
 .text.OnRxDone
                0x08006ce4       0x24 CMakeFiles/SingleWL55.dir/SubGHz_Phy/App/subghz_phy_app.c.obj
 .text.OnTxTimeout
                0x08006d08        0xc CMakeFiles/SingleWL55.dir/SubGHz_Phy/App/subghz_phy_app.c.obj
 .text.OnRxTimeout
                0x08006d14        0xc CMakeFiles/SingleWL55.dir/SubGHz_Phy/App/subghz_phy_app.c.obj
 .text.OnRxError
                0x08006d20        0xc CMakeFiles/SingleWL55.dir/SubGHz_Phy/App/subghz_phy_app.c.obj
 .text.RBI_Init
                0x08006d2c        0xe CMakeFiles/SingleWL55.dir/SubGHz_Phy/Target/radio_board_if.c.obj
                0x08006d2c                RBI_Init
 .text.RBI_ConfigRFSwitch
                0x08006d3a       0x1c CMakeFiles/SingleWL55.dir/SubGHz_Phy/Target/radio_board_if.c.obj
                0x08006d3a                RBI_ConfigRFSwitch
 .text.RBI_GetTxConfig
                0x08006d56        0xe CMakeFiles/SingleWL55.dir/SubGHz_Phy/Target/radio_board_if.c.obj
                0x08006d56                RBI_GetTxConfig
 .text.RBI_IsTCXO
                0x08006d64        0xe CMakeFiles/SingleWL55.dir/SubGHz_Phy/Target/radio_board_if.c.obj
                0x08006d64                RBI_IsTCXO
 .text.RBI_IsDCDC
                0x08006d72        0xe CMakeFiles/SingleWL55.dir/SubGHz_Phy/Target/radio_board_if.c.obj
                0x08006d72                RBI_IsDCDC
 .text.RBI_GetRFOMaxPowerConfig
                0x08006d80       0x1c CMakeFiles/SingleWL55.dir/SubGHz_Phy/Target/radio_board_if.c.obj
                0x08006d80                RBI_GetRFOMaxPowerConfig
 .text.LL_RCC_LSE_SetDriveCapability
                0x08006d9c       0x2a CMakeFiles/SingleWL55.dir/Core/Src/main.c.obj
 .text.LL_AHB2_GRP1_EnableClock
                0x08006dc6       0x30 CMakeFiles/SingleWL55.dir/Core/Src/main.c.obj
 *fill*         0x08006df6        0x2 
 .text.__io_putchar
                0x08006df8       0x24 CMakeFiles/SingleWL55.dir/Core/Src/main.c.obj
                0x08006df8                __io_putchar
 .text.main     0x08006e1c       0x6c CMakeFiles/SingleWL55.dir/Core/Src/main.c.obj
                0x08006e1c                main
 .text.SystemClock_Config
                0x08006e88       0xb0 CMakeFiles/SingleWL55.dir/Core/Src/main.c.obj
                0x08006e88                SystemClock_Config
 .text.MX_LPUART1_UART_Init
                0x08006f38       0x98 CMakeFiles/SingleWL55.dir/Core/Src/main.c.obj
 .text.MX_SUBGHZ_Init
                0x08006fd0       0x24 CMakeFiles/SingleWL55.dir/Core/Src/main.c.obj
                0x08006fd0                MX_SUBGHZ_Init
 .text.MX_GPIO_Init
                0x08006ff4       0xb0 CMakeFiles/SingleWL55.dir/Core/Src/main.c.obj
 .text.Configure_2FSK_Transmission
                0x080070a4       0x84 CMakeFiles/SingleWL55.dir/Core/Src/main.c.obj
                0x080070a4                Configure_2FSK_Transmission
 .text.Error_Handler
                0x08007128        0xc CMakeFiles/SingleWL55.dir/Core/Src/main.c.obj
                0x08007128                Error_Handler
 .text.SystemApp_Init
                0x08007134        0xc CMakeFiles/SingleWL55.dir/Core/Src/sys_app.c.obj
                0x08007134                SystemApp_Init
 .text.HAL_GetTick
                0x08007140       0x28 CMakeFiles/SingleWL55.dir/Core/Src/sys_app.c.obj
                0x08007140                HAL_GetTick
 .text.HAL_Delay
                0x08007168       0x18 CMakeFiles/SingleWL55.dir/Core/Src/sys_app.c.obj
                0x08007168                HAL_Delay
 .text.TIMER_IF_Init
                0x08007180       0x16 CMakeFiles/SingleWL55.dir/Core/Src/timer_if.c.obj
                0x08007180                TIMER_IF_Init
 .text.TIMER_IF_StartTimer
                0x08007196       0x18 CMakeFiles/SingleWL55.dir/Core/Src/timer_if.c.obj
                0x08007196                TIMER_IF_StartTimer
 .text.TIMER_IF_StopTimer
                0x080071ae       0x16 CMakeFiles/SingleWL55.dir/Core/Src/timer_if.c.obj
                0x080071ae                TIMER_IF_StopTimer
 .text.TIMER_IF_SetTimerContext
                0x080071c4       0x14 CMakeFiles/SingleWL55.dir/Core/Src/timer_if.c.obj
                0x080071c4                TIMER_IF_SetTimerContext
 .text.TIMER_IF_GetTimerContext
                0x080071d8       0x14 CMakeFiles/SingleWL55.dir/Core/Src/timer_if.c.obj
                0x080071d8                TIMER_IF_GetTimerContext
 .text.TIMER_IF_GetTimerElapsedTime
                0x080071ec       0x16 CMakeFiles/SingleWL55.dir/Core/Src/timer_if.c.obj
                0x080071ec                TIMER_IF_GetTimerElapsedTime
 .text.TIMER_IF_GetTimerValue
                0x08007202       0x16 CMakeFiles/SingleWL55.dir/Core/Src/timer_if.c.obj
                0x08007202                TIMER_IF_GetTimerValue
 .text.TIMER_IF_GetMinimumTimeout
                0x08007218       0x16 CMakeFiles/SingleWL55.dir/Core/Src/timer_if.c.obj
                0x08007218                TIMER_IF_GetMinimumTimeout
 .text.TIMER_IF_Convert_ms2Tick
                0x0800722e       0x18 CMakeFiles/SingleWL55.dir/Core/Src/timer_if.c.obj
                0x0800722e                TIMER_IF_Convert_ms2Tick
 .text.TIMER_IF_Convert_Tick2ms
                0x08007246       0x18 CMakeFiles/SingleWL55.dir/Core/Src/timer_if.c.obj
                0x08007246                TIMER_IF_Convert_Tick2ms
 .text.TIMER_IF_DelayMs
                0x0800725e       0x12 CMakeFiles/SingleWL55.dir/Core/Src/timer_if.c.obj
                0x0800725e                TIMER_IF_DelayMs
 .text.NMI_Handler
                0x08007270        0x8 CMakeFiles/SingleWL55.dir/Core/Src/stm32wlxx_it.c.obj
                0x08007270                NMI_Handler
 .text.HardFault_Handler
                0x08007278        0x8 CMakeFiles/SingleWL55.dir/Core/Src/stm32wlxx_it.c.obj
                0x08007278                HardFault_Handler
 .text.MemManage_Handler
                0x08007280        0x8 CMakeFiles/SingleWL55.dir/Core/Src/stm32wlxx_it.c.obj
                0x08007280                MemManage_Handler
 .text.BusFault_Handler
                0x08007288        0x8 CMakeFiles/SingleWL55.dir/Core/Src/stm32wlxx_it.c.obj
                0x08007288                BusFault_Handler
 .text.UsageFault_Handler
                0x08007290        0x8 CMakeFiles/SingleWL55.dir/Core/Src/stm32wlxx_it.c.obj
                0x08007290                UsageFault_Handler
 .text.SVC_Handler
                0x08007298        0xc CMakeFiles/SingleWL55.dir/Core/Src/stm32wlxx_it.c.obj
                0x08007298                SVC_Handler
 .text.DebugMon_Handler
                0x080072a4        0xc CMakeFiles/SingleWL55.dir/Core/Src/stm32wlxx_it.c.obj
                0x080072a4                DebugMon_Handler
 .text.PendSV_Handler
                0x080072b0        0xc CMakeFiles/SingleWL55.dir/Core/Src/stm32wlxx_it.c.obj
                0x080072b0                PendSV_Handler
 .text.SysTick_Handler
                0x080072bc        0xc CMakeFiles/SingleWL55.dir/Core/Src/stm32wlxx_it.c.obj
                0x080072bc                SysTick_Handler
 .text.HSEM_IRQHandler
                0x080072c8        0xc CMakeFiles/SingleWL55.dir/Core/Src/stm32wlxx_it.c.obj
                0x080072c8                HSEM_IRQHandler
 .text.LL_AHB2_GRP1_EnableClock
                0x080072d4       0x30 CMakeFiles/SingleWL55.dir/Core/Src/stm32wlxx_hal_msp.c.obj
 .text.LL_AHB3_GRP1_EnableClock
                0x08007304       0x30 CMakeFiles/SingleWL55.dir/Core/Src/stm32wlxx_hal_msp.c.obj
 .text.LL_APB1_GRP2_EnableClock
                0x08007334       0x30 CMakeFiles/SingleWL55.dir/Core/Src/stm32wlxx_hal_msp.c.obj
 .text.LL_APB3_GRP1_EnableClock
                0x08007364       0x30 CMakeFiles/SingleWL55.dir/Core/Src/stm32wlxx_hal_msp.c.obj
 .text.HAL_MspInit
                0x08007394       0x20 CMakeFiles/SingleWL55.dir/Core/Src/stm32wlxx_hal_msp.c.obj
                0x08007394                HAL_MspInit
 .text.HAL_UART_MspInit
                0x080073b4       0x88 CMakeFiles/SingleWL55.dir/Core/Src/stm32wlxx_hal_msp.c.obj
                0x080073b4                HAL_UART_MspInit
 .text.HAL_SUBGHZ_MspInit
                0x0800743c       0x16 CMakeFiles/SingleWL55.dir/Core/Src/stm32wlxx_hal_msp.c.obj
                0x0800743c                HAL_SUBGHZ_MspInit
 *fill*         0x08007452        0x2 
 .text._sbrk    0x08007454       0x6c CMakeFiles/SingleWL55.dir/Core/Src/sysmem.c.obj
                0x08007454                _sbrk
 .text._read    0x080074c0       0x3a CMakeFiles/SingleWL55.dir/Core/Src/syscalls.c.obj
                0x080074c0                _read
 .text._write   0x080074fa       0x38 CMakeFiles/SingleWL55.dir/Core/Src/syscalls.c.obj
                0x080074fa                _write
 .text._close   0x08007532       0x16 CMakeFiles/SingleWL55.dir/Core/Src/syscalls.c.obj
                0x08007532                _close
 .text._fstat   0x08007548       0x1e CMakeFiles/SingleWL55.dir/Core/Src/syscalls.c.obj
                0x08007548                _fstat
 .text._isatty  0x08007566       0x14 CMakeFiles/SingleWL55.dir/Core/Src/syscalls.c.obj
                0x08007566                _isatty
 .text._lseek   0x0800757a       0x18 CMakeFiles/SingleWL55.dir/Core/Src/syscalls.c.obj
                0x0800757a                _lseek
 *fill*         0x08007592        0x2 
 .text.Reset_Handler
                0x08007594       0x50 CMakeFiles/SingleWL55.dir/startup_stm32wl55xx_cm4.s.obj
                0x08007594                Reset_Handler
 .text.Default_Handler
                0x080075e4        0x2 CMakeFiles/SingleWL55.dir/startup_stm32wl55xx_cm4.s.obj
                0x080075e4                DMA2_Channel3_IRQHandler
                0x080075e4                EXTI2_IRQHandler
                0x080075e4                TIM1_CC_IRQHandler
                0x080075e4                EXTI3_IRQHandler
                0x080075e4                LPTIM2_IRQHandler
                0x080075e4                I2C3_ER_IRQHandler
                0x080075e4                LPTIM3_IRQHandler
                0x080075e4                EXTI0_IRQHandler
                0x080075e4                I2C2_EV_IRQHandler
                0x080075e4                TAMP_STAMP_LSECSS_SSRU_IRQHandler
                0x080075e4                SPI1_IRQHandler
                0x080075e4                DMA2_Channel2_IRQHandler
                0x080075e4                DMA1_Channel4_IRQHandler
                0x080075e4                PKA_IRQHandler
                0x080075e4                TIM17_IRQHandler
                0x080075e4                DMA1_Channel7_IRQHandler
                0x080075e4                SUBGHZSPI_IRQHandler
                0x080075e4                IPCC_C1_TX_IRQHandler
                0x080075e4                DMA2_Channel1_IRQHandler
                0x080075e4                I2C1_EV_IRQHandler
                0x080075e4                SUBGHZ_Radio_IRQHandler
                0x080075e4                DMAMUX1_OVR_IRQHandler
                0x080075e4                DMA1_Channel6_IRQHandler
                0x080075e4                TIM16_IRQHandler
                0x080075e4                DMA2_Channel4_IRQHandler
                0x080075e4                RCC_IRQHandler
                0x080075e4                TIM1_TRG_COM_IRQHandler
                0x080075e4                DMA1_Channel1_IRQHandler
                0x080075e4                Default_Handler
                0x080075e4                DMA2_Channel7_IRQHandler
                0x080075e4                EXTI15_10_IRQHandler
                0x080075e4                IPCC_C1_RX_IRQHandler
                0x080075e4                ADC_IRQHandler
                0x080075e4                C2SEV_PWR_C2H_IRQHandler
                0x080075e4                I2C3_EV_IRQHandler
                0x080075e4                EXTI9_5_IRQHandler
                0x080075e4                RTC_WKUP_IRQHandler
                0x080075e4                PVD_PVM_IRQHandler
                0x080075e4                SPI2_IRQHandler
                0x080075e4                DMA2_Channel5_IRQHandler
                0x080075e4                DMA1_Channel5_IRQHandler
                0x080075e4                EXTI4_IRQHandler
                0x080075e4                RNG_IRQHandler
                0x080075e4                DMA1_Channel3_IRQHandler
                0x080075e4                COMP_IRQHandler
                0x080075e4                TIM1_UP_IRQHandler
                0x080075e4                WWDG_IRQHandler
                0x080075e4                LPUART1_IRQHandler
                0x080075e4                DMA2_Channel6_IRQHandler
                0x080075e4                TIM2_IRQHandler
                0x080075e4                TIM1_BRK_IRQHandler
                0x080075e4                DAC_IRQHandler
                0x080075e4                EXTI1_IRQHandler
                0x080075e4                AES_IRQHandler
                0x080075e4                USART2_IRQHandler
                0x080075e4                I2C2_ER_IRQHandler
                0x080075e4                DMA1_Channel2_IRQHandler
                0x080075e4                FLASH_IRQHandler
                0x080075e4                USART1_IRQHandler
                0x080075e4                I2C1_ER_IRQHandler
                0x080075e4                LPTIM1_IRQHandler
                0x080075e4                RTC_Alarm_IRQHandler
 *fill*         0x080075e6        0x2 
 .text.__udivmoddi4
                0x080075e8      0x2f8 /Applications/ArmGNUToolchain/14.2.rel1/arm-none-eabi/bin/../lib/gcc/arm-none-eabi/14.2.1/thumb/v7e-m/nofp/libgcc.a(_udivmoddi4.o)
                0x080075e8                __udivmoddi4
 .text.std      0x080078e0       0x6c /Applications/ArmGNUToolchain/14.2.rel1/arm-none-eabi/bin/../lib/gcc/arm-none-eabi/14.2.1/../../../../arm-none-eabi/lib/thumb/v7e-m/nofp/libg_nano.a(libc_a-findfp.o)
 .text.stdio_exit_handler
                0x0800794c       0x18 /Applications/ArmGNUToolchain/14.2.rel1/arm-none-eabi/bin/../lib/gcc/arm-none-eabi/14.2.1/../../../../arm-none-eabi/lib/thumb/v7e-m/nofp/libg_nano.a(libc_a-findfp.o)
 .text.cleanup_stdio
                0x08007964       0x40 /Applications/ArmGNUToolchain/14.2.rel1/arm-none-eabi/bin/../lib/gcc/arm-none-eabi/14.2.1/../../../../arm-none-eabi/lib/thumb/v7e-m/nofp/libg_nano.a(libc_a-findfp.o)
 .text.global_stdio_init.part.0
                0x080079a4       0x40 /Applications/ArmGNUToolchain/14.2.rel1/arm-none-eabi/bin/../lib/gcc/arm-none-eabi/14.2.1/../../../../arm-none-eabi/lib/thumb/v7e-m/nofp/libg_nano.a(libc_a-findfp.o)
 .text.__sfp_lock_acquire
                0x080079e4        0xc /Applications/ArmGNUToolchain/14.2.rel1/arm-none-eabi/bin/../lib/gcc/arm-none-eabi/14.2.1/../../../../arm-none-eabi/lib/thumb/v7e-m/nofp/libg_nano.a(libc_a-findfp.o)
                0x080079e4                __sfp_lock_acquire
 .text.__sfp_lock_release
                0x080079f0        0xc /Applications/ArmGNUToolchain/14.2.rel1/arm-none-eabi/bin/../lib/gcc/arm-none-eabi/14.2.1/../../../../arm-none-eabi/lib/thumb/v7e-m/nofp/libg_nano.a(libc_a-findfp.o)
                0x080079f0                __sfp_lock_release
 .text.__sinit  0x080079fc       0x30 /Applications/ArmGNUToolchain/14.2.rel1/arm-none-eabi/bin/../lib/gcc/arm-none-eabi/14.2.1/../../../../arm-none-eabi/lib/thumb/v7e-m/nofp/libg_nano.a(libc_a-findfp.o)
                0x080079fc                __sinit
 .text._fwalk_sglue
                0x08007a2c       0x3c /Applications/ArmGNUToolchain/14.2.rel1/arm-none-eabi/bin/../lib/gcc/arm-none-eabi/14.2.1/../../../../arm-none-eabi/lib/thumb/v7e-m/nofp/libg_nano.a(libc_a-fwalk.o)
                0x08007a2c                _fwalk_sglue
 .text._puts_r  0x08007a68       0xaa /Applications/ArmGNUToolchain/14.2.rel1/arm-none-eabi/bin/../lib/gcc/arm-none-eabi/14.2.1/../../../../arm-none-eabi/lib/thumb/v7e-m/nofp/libg_nano.a(libc_a-puts.o)
                0x08007a68                _puts_r
 *fill*         0x08007b12        0x2 
 .text.puts     0x08007b14       0x10 /Applications/ArmGNUToolchain/14.2.rel1/arm-none-eabi/bin/../lib/gcc/arm-none-eabi/14.2.1/../../../../arm-none-eabi/lib/thumb/v7e-m/nofp/libg_nano.a(libc_a-puts.o)
                0x08007b14                puts
 .text.memset   0x08007b24       0x10 /Applications/ArmGNUToolchain/14.2.rel1/arm-none-eabi/bin/../lib/gcc/arm-none-eabi/14.2.1/../../../../arm-none-eabi/lib/thumb/v7e-m/nofp/libg_nano.a(libc_a-memset.o)
                0x08007b24                memset
 .text.__errno  0x08007b34        0xc /Applications/ArmGNUToolchain/14.2.rel1/arm-none-eabi/bin/../lib/gcc/arm-none-eabi/14.2.1/../../../../arm-none-eabi/lib/thumb/v7e-m/nofp/libg_nano.a(libc_a-errno.o)
                0x08007b34                __errno
 .text.__libc_init_array
                0x08007b40       0x48 /Applications/ArmGNUToolchain/14.2.rel1/arm-none-eabi/bin/../lib/gcc/arm-none-eabi/14.2.1/../../../../arm-none-eabi/lib/thumb/v7e-m/nofp/libg_nano.a(libc_a-init.o)
                0x08007b40                __libc_init_array
 .text.__retarget_lock_init_recursive
                0x08007b88        0x2 /Applications/ArmGNUToolchain/14.2.rel1/arm-none-eabi/bin/../lib/gcc/arm-none-eabi/14.2.1/../../../../arm-none-eabi/lib/thumb/v7e-m/nofp/libg_nano.a(libc_a-lock.o)
                0x08007b88                __retarget_lock_init_recursive
 .text.__retarget_lock_acquire_recursive
                0x08007b8a        0x2 /Applications/ArmGNUToolchain/14.2.rel1/arm-none-eabi/bin/../lib/gcc/arm-none-eabi/14.2.1/../../../../arm-none-eabi/lib/thumb/v7e-m/nofp/libg_nano.a(libc_a-lock.o)
                0x08007b8a                __retarget_lock_acquire_recursive
 .text.__retarget_lock_release_recursive
                0x08007b8c        0x2 /Applications/ArmGNUToolchain/14.2.rel1/arm-none-eabi/bin/../lib/gcc/arm-none-eabi/14.2.1/../../../../arm-none-eabi/lib/thumb/v7e-m/nofp/libg_nano.a(libc_a-lock.o)
                0x08007b8c                __retarget_lock_release_recursive
 *fill*         0x08007b8e        0x2 
 .text.sbrk_aligned
                0x08007b90       0x44 /Applications/ArmGNUToolchain/14.2.rel1/arm-none-eabi/bin/../lib/gcc/arm-none-eabi/14.2.1/../../../../arm-none-eabi/lib/thumb/v7e-m/nofp/libg_nano.a(libc_a-mallocr.o)
 .text._malloc_r
                0x08007bd4      0x100 /Applications/ArmGNUToolchain/14.2.rel1/arm-none-eabi/bin/../lib/gcc/arm-none-eabi/14.2.1/../../../../arm-none-eabi/lib/thumb/v7e-m/nofp/libg_nano.a(libc_a-mallocr.o)
                0x08007bd4                _malloc_r
 .text.__sflush_r
                0x08007cd4       0xfc /Applications/ArmGNUToolchain/14.2.rel1/arm-none-eabi/bin/../lib/gcc/arm-none-eabi/14.2.1/../../../../arm-none-eabi/lib/thumb/v7e-m/nofp/libg_nano.a(libc_a-fflush.o)
                0x08007cd4                __sflush_r
 .text._fflush_r
                0x08007dd0       0x50 /Applications/ArmGNUToolchain/14.2.rel1/arm-none-eabi/bin/../lib/gcc/arm-none-eabi/14.2.1/../../../../arm-none-eabi/lib/thumb/v7e-m/nofp/libg_nano.a(libc_a-fflush.o)
                0x08007dd0                _fflush_r
 .text.__malloc_lock
                0x08007e20        0xc /Applications/ArmGNUToolchain/14.2.rel1/arm-none-eabi/bin/../lib/gcc/arm-none-eabi/14.2.1/../../../../arm-none-eabi/lib/thumb/v7e-m/nofp/libg_nano.a(libc_a-mlock.o)
                0x08007e20                __malloc_lock
 .text.__malloc_unlock
                0x08007e2c        0xc /Applications/ArmGNUToolchain/14.2.rel1/arm-none-eabi/bin/../lib/gcc/arm-none-eabi/14.2.1/../../../../arm-none-eabi/lib/thumb/v7e-m/nofp/libg_nano.a(libc_a-mlock.o)
                0x08007e2c                __malloc_unlock
 .text.__sread  0x08007e38       0x22 /Applications/ArmGNUToolchain/14.2.rel1/arm-none-eabi/bin/../lib/gcc/arm-none-eabi/14.2.1/../../../../arm-none-eabi/lib/thumb/v7e-m/nofp/libg_nano.a(libc_a-stdio.o)
                0x08007e38                __sread
 .text.__swrite
                0x08007e5a       0x38 /Applications/ArmGNUToolchain/14.2.rel1/arm-none-eabi/bin/../lib/gcc/arm-none-eabi/14.2.1/../../../../arm-none-eabi/lib/thumb/v7e-m/nofp/libg_nano.a(libc_a-stdio.o)
                0x08007e5a                __swrite
 .text.__sseek  0x08007e92       0x26 /Applications/ArmGNUToolchain/14.2.rel1/arm-none-eabi/bin/../lib/gcc/arm-none-eabi/14.2.1/../../../../arm-none-eabi/lib/thumb/v7e-m/nofp/libg_nano.a(libc_a-stdio.o)
                0x08007e92                __sseek
 .text.__sclose
                0x08007eb8        0x8 /Applications/ArmGNUToolchain/14.2.rel1/arm-none-eabi/bin/../lib/gcc/arm-none-eabi/14.2.1/../../../../arm-none-eabi/lib/thumb/v7e-m/nofp/libg_nano.a(libc_a-stdio.o)
                0x08007eb8                __sclose
 .text.__swbuf_r
                0x08007ec0       0x7c /Applications/ArmGNUToolchain/14.2.rel1/arm-none-eabi/bin/../lib/gcc/arm-none-eabi/14.2.1/../../../../arm-none-eabi/lib/thumb/v7e-m/nofp/libg_nano.a(libc_a-wbuf.o)
                0x08007ec0                __swbuf_r
 .text.__swsetup_r
                0x08007f3c       0xa8 /Applications/ArmGNUToolchain/14.2.rel1/arm-none-eabi/bin/../lib/gcc/arm-none-eabi/14.2.1/../../../../arm-none-eabi/lib/thumb/v7e-m/nofp/libg_nano.a(libc_a-wsetup.o)
                0x08007f3c                __swsetup_r
 .text.__swhatbuf_r
                0x08007fe4       0x48 /Applications/ArmGNUToolchain/14.2.rel1/arm-none-eabi/bin/../lib/gcc/arm-none-eabi/14.2.1/../../../../arm-none-eabi/lib/thumb/v7e-m/nofp/libg_nano.a(libc_a-makebuf.o)
                0x08007fe4                __swhatbuf_r
 .text.__smakebuf_r
                0x0800802c       0x72 /Applications/ArmGNUToolchain/14.2.rel1/arm-none-eabi/bin/../lib/gcc/arm-none-eabi/14.2.1/../../../../arm-none-eabi/lib/thumb/v7e-m/nofp/libg_nano.a(libc_a-makebuf.o)
                0x0800802c                __smakebuf_r
 *fill*         0x0800809e        0x2 
 .text._isatty_r
                0x080080a0       0x20 /Applications/ArmGNUToolchain/14.2.rel1/arm-none-eabi/bin/../lib/gcc/arm-none-eabi/14.2.1/../../../../arm-none-eabi/lib/thumb/v7e-m/nofp/libg_nano.a(libc_a-isattyr.o)
                0x080080a0                _isatty_r
 .text._lseek_r
                0x080080c0       0x24 /Applications/ArmGNUToolchain/14.2.rel1/arm-none-eabi/bin/../lib/gcc/arm-none-eabi/14.2.1/../../../../arm-none-eabi/lib/thumb/v7e-m/nofp/libg_nano.a(libc_a-lseekr.o)
                0x080080c0                _lseek_r
 .text._read_r  0x080080e4       0x24 /Applications/ArmGNUToolchain/14.2.rel1/arm-none-eabi/bin/../lib/gcc/arm-none-eabi/14.2.1/../../../../arm-none-eabi/lib/thumb/v7e-m/nofp/libg_nano.a(libc_a-readr.o)
                0x080080e4                _read_r
 .text._sbrk_r  0x08008108       0x20 /Applications/ArmGNUToolchain/14.2.rel1/arm-none-eabi/bin/../lib/gcc/arm-none-eabi/14.2.1/../../../../arm-none-eabi/lib/thumb/v7e-m/nofp/libg_nano.a(libc_a-sbrkr.o)
                0x08008108                _sbrk_r
 .text._write_r
                0x08008128       0x24 /Applications/ArmGNUToolchain/14.2.rel1/arm-none-eabi/bin/../lib/gcc/arm-none-eabi/14.2.1/../../../../arm-none-eabi/lib/thumb/v7e-m/nofp/libg_nano.a(libc_a-writer.o)
                0x08008128                _write_r
 .text._close_r
                0x0800814c       0x20 /Applications/ArmGNUToolchain/14.2.rel1/arm-none-eabi/bin/../lib/gcc/arm-none-eabi/14.2.1/../../../../arm-none-eabi/lib/thumb/v7e-m/nofp/libg_nano.a(libc_a-closer.o)
                0x0800814c                _close_r
 .text._fstat_r
                0x0800816c       0x24 /Applications/ArmGNUToolchain/14.2.rel1/arm-none-eabi/bin/../lib/gcc/arm-none-eabi/14.2.1/../../../../arm-none-eabi/lib/thumb/v7e-m/nofp/libg_nano.a(libc_a-fstatr.o)
                0x0800816c                _fstat_r
 .text._free_r  0x08008190       0x94 /Applications/ArmGNUToolchain/14.2.rel1/arm-none-eabi/bin/../lib/gcc/arm-none-eabi/14.2.1/../../../../arm-none-eabi/lib/thumb/v7e-m/nofp/libg_nano.a(libc_a-freer.o)
                0x08008190                _free_r
 *(.glue_7)
 .glue_7        0x08008224        0x0 linker stubs
 *(.glue_7t)
 .glue_7t       0x08008224        0x0 linker stubs
 *(.eh_frame)
 .eh_frame      0x08008224        0x0 /Applications/ArmGNUToolchain/14.2.rel1/arm-none-eabi/bin/../lib/gcc/arm-none-eabi/14.2.1/thumb/v7e-m/nofp/crtbegin.o
 *(.init)
 .init          0x08008224        0x4 /Applications/ArmGNUToolchain/14.2.rel1/arm-none-eabi/bin/../lib/gcc/arm-none-eabi/14.2.1/thumb/v7e-m/nofp/crti.o
                0x08008224                _init
 .init          0x08008228        0x8 /Applications/ArmGNUToolchain/14.2.rel1/arm-none-eabi/bin/../lib/gcc/arm-none-eabi/14.2.1/thumb/v7e-m/nofp/crtn.o
 *(.fini)
 .fini          0x08008230        0x4 /Applications/ArmGNUToolchain/14.2.rel1/arm-none-eabi/bin/../lib/gcc/arm-none-eabi/14.2.1/thumb/v7e-m/nofp/crti.o
                0x08008230                _fini
 .fini          0x08008234        0x8 /Applications/ArmGNUToolchain/14.2.rel1/arm-none-eabi/bin/../lib/gcc/arm-none-eabi/14.2.1/thumb/v7e-m/nofp/crtn.o
                0x08008240                        . = ALIGN (0x8)
 *fill*         0x0800823c        0x4 
                0x08008240                        _etext = .

.vfp11_veneer   0x08008240        0x0
 .vfp11_veneer  0x08008240        0x0 linker stubs

.v4_bx          0x08008240        0x0
 .v4_bx         0x08008240        0x0 linker stubs

.iplt           0x08008240        0x0
 .iplt          0x08008240        0x0 /Applications/ArmGNUToolchain/14.2.rel1/arm-none-eabi/bin/../lib/gcc/arm-none-eabi/14.2.1/thumb/v7e-m/nofp/crtbegin.o

.rodata         0x08008240      0x290
                0x08008240                        . = ALIGN (0x8)
 *(.rodata)
 .rodata        0x08008240       0x1c cmake/stm32cubemx/CMakeFiles/STM32_Drivers.dir/__/__/Drivers/STM32WLxx_HAL_Driver/Src/stm32wlxx_hal_rcc.c.obj
 .rodata        0x0800825c       0x10 cmake/stm32cubemx/CMakeFiles/SubGHz_Phy.dir/__/__/Middlewares/Third_Party/SubGHz_Phy/stm32_radio_driver/radio.c.obj
 .rodata        0x0800826c       0x2d CMakeFiles/SingleWL55.dir/Core/Src/main.c.obj
 *(.rodata*)
 *fill*         0x08008299        0x3 
 .rodata.AHBPrescTable
                0x0800829c       0x40 cmake/stm32cubemx/CMakeFiles/STM32_Drivers.dir/__/__/Core/Src/system_stm32wlxx.c.obj
                0x0800829c                AHBPrescTable
 .rodata.APBPrescTable
                0x080082dc       0x20 cmake/stm32cubemx/CMakeFiles/STM32_Drivers.dir/__/__/Core/Src/system_stm32wlxx.c.obj
                0x080082dc                APBPrescTable
 .rodata.MSIRangeTable
                0x080082fc       0x40 cmake/stm32cubemx/CMakeFiles/STM32_Drivers.dir/__/__/Core/Src/system_stm32wlxx.c.obj
                0x080082fc                MSIRangeTable
 .rodata.UARTPrescTable
                0x0800833c       0x18 cmake/stm32cubemx/CMakeFiles/STM32_Drivers.dir/__/__/Drivers/STM32WLxx_HAL_Driver/Src/stm32wlxx_hal_uart.c.obj
                0x0800833c                UARTPrescTable
 .rodata.numerator.1
                0x08008354        0x8 cmake/stm32cubemx/CMakeFiles/STM32_Drivers.dir/__/__/Drivers/STM32WLxx_HAL_Driver/Src/stm32wlxx_hal_uart_ex.c.obj
 .rodata.denominator.0
                0x0800835c        0x8 cmake/stm32cubemx/CMakeFiles/STM32_Drivers.dir/__/__/Drivers/STM32WLxx_HAL_Driver/Src/stm32wlxx_hal_uart_ex.c.obj
 .rodata.Radio  0x08008364       0x8c cmake/stm32cubemx/CMakeFiles/SubGHz_Phy.dir/__/__/Middlewares/Third_Party/SubGHz_Phy/stm32_radio_driver/radio.c.obj
                0x08008364                Radio
 .rodata.Bandwidths
                0x080083f0        0x3 cmake/stm32cubemx/CMakeFiles/SubGHz_Phy.dir/__/__/Middlewares/Third_Party/SubGHz_Phy/stm32_radio_driver/radio.c.obj
                0x080083f0                Bandwidths
 *fill*         0x080083f3        0x1 
 .rodata.FskBandwidths
                0x080083f4       0xb0 cmake/stm32cubemx/CMakeFiles/SubGHz_Phy.dir/__/__/Middlewares/Third_Party/SubGHz_Phy/stm32_radio_driver/radio_driver.c.obj
 .rodata.UTIL_TimerDriver
                0x080084a4       0x2c CMakeFiles/SingleWL55.dir/Core/Src/timer_if.c.obj
                0x080084a4                UTIL_TimerDriver
                0x080084d0                        . = ALIGN (0x8)

.ARM.extab      0x080084d0        0x0
                0x080084d0                        . = ALIGN (0x8)
 *(.ARM.extab* .gnu.linkonce.armextab.*)
                0x080084d0                        . = ALIGN (0x8)

.ARM            0x080084d0        0x8
                0x080084d0                        . = ALIGN (0x8)
                0x080084d0                        __exidx_start = .
 *(.ARM.exidx*)
 .ARM.exidx.text.__udivmoddi4
                0x080084d0        0x8 /Applications/ArmGNUToolchain/14.2.rel1/arm-none-eabi/bin/../lib/gcc/arm-none-eabi/14.2.1/thumb/v7e-m/nofp/libgcc.a(_udivmoddi4.o)
                0x080084d8                        __exidx_end = .
                0x080084d8                        . = ALIGN (0x8)

.rel.dyn        0x080084d8        0x0
 .rel.iplt      0x080084d8        0x0 /Applications/ArmGNUToolchain/14.2.rel1/arm-none-eabi/bin/../lib/gcc/arm-none-eabi/14.2.1/thumb/v7e-m/nofp/crtbegin.o

.preinit_array  0x080084d8        0x0
                0x080084d8                        . = ALIGN (0x8)
                0x080084d8                        PROVIDE (__preinit_array_start = .)
 *(.preinit_array*)
                0x080084d8                        PROVIDE (__preinit_array_end = .)
                0x080084d8                        . = ALIGN (0x8)

.init_array     0x080084d8        0x8
                0x080084d8                        . = ALIGN (0x8)
                0x080084d8                        PROVIDE (__init_array_start = .)
 *(SORT_BY_NAME(.init_array.*))
 *(.init_array*)
 .init_array    0x080084d8        0x4 /Applications/ArmGNUToolchain/14.2.rel1/arm-none-eabi/bin/../lib/gcc/arm-none-eabi/14.2.1/thumb/v7e-m/nofp/crtbegin.o
                0x080084dc                        PROVIDE (__init_array_end = .)
                0x080084e0                        . = ALIGN (0x8)
 *fill*         0x080084dc        0x4 

.fini_array     0x080084e0        0x8
                0x080084e0                        . = ALIGN (0x8)
                [!provide]                        PROVIDE (__fini_array_start = .)
 *(SORT_BY_NAME(.fini_array.*))
 *(.fini_array*)
 .fini_array    0x080084e0        0x4 /Applications/ArmGNUToolchain/14.2.rel1/arm-none-eabi/bin/../lib/gcc/arm-none-eabi/14.2.1/thumb/v7e-m/nofp/crtbegin.o
                [!provide]                        PROVIDE (__fini_array_end = .)
                0x080084e8                        . = ALIGN (0x8)
 *fill*         0x080084e4        0x4 
                0x080084e8                        _sidata = LOADADDR (.data)

.data           0x20000000       0x68 load address 0x080084e8
                0x20000000                        . = ALIGN (0x8)
                0x20000000                        _sdata = .
 *(.data)
 *(.data*)
 .data.SystemCoreClock
                0x20000000        0x4 cmake/stm32cubemx/CMakeFiles/STM32_Drivers.dir/__/__/Core/Src/system_stm32wlxx.c.obj
                0x20000000                SystemCoreClock
 .data.uwTickPrio
                0x20000004        0x4 cmake/stm32cubemx/CMakeFiles/STM32_Drivers.dir/__/__/Drivers/STM32WLxx_HAL_Driver/Src/stm32wlxx_hal.c.obj
                0x20000004                uwTickPrio
 .data.uwTickFreq
                0x20000008        0x1 cmake/stm32cubemx/CMakeFiles/STM32_Drivers.dir/__/__/Drivers/STM32WLxx_HAL_Driver/Src/stm32wlxx_hal.c.obj
                0x20000008                uwTickFreq
 .data.MaxPayloadLength
                0x20000009        0x1 cmake/stm32cubemx/CMakeFiles/SubGHz_Phy.dir/__/__/Middlewares/Third_Party/SubGHz_Phy/stm32_radio_driver/radio.c.obj
 *fill*         0x2000000a        0x2 
 .data.__sglue  0x2000000c        0xc /Applications/ArmGNUToolchain/14.2.rel1/arm-none-eabi/bin/../lib/gcc/arm-none-eabi/14.2.1/../../../../arm-none-eabi/lib/thumb/v7e-m/nofp/libg_nano.a(libc_a-findfp.o)
                0x2000000c                __sglue
 .data._impure_ptr
                0x20000018        0x4 /Applications/ArmGNUToolchain/14.2.rel1/arm-none-eabi/bin/../lib/gcc/arm-none-eabi/14.2.1/../../../../arm-none-eabi/lib/thumb/v7e-m/nofp/libg_nano.a(libc_a-impure.o)
                0x20000018                _impure_ptr
 .data._impure_data
                0x2000001c       0x4c /Applications/ArmGNUToolchain/14.2.rel1/arm-none-eabi/bin/../lib/gcc/arm-none-eabi/14.2.1/../../../../arm-none-eabi/lib/thumb/v7e-m/nofp/libg_nano.a(libc_a-impure.o)
                0x2000001c                _impure_data
                0x20000068                        . = ALIGN (0x8)

.tm_clone_table
                0x20000068        0x0 load address 0x08008550
 .tm_clone_table
                0x20000068        0x0 /Applications/ArmGNUToolchain/14.2.rel1/arm-none-eabi/bin/../lib/gcc/arm-none-eabi/14.2.1/thumb/v7e-m/nofp/crtbegin.o
 .tm_clone_table
                0x20000068        0x0 /Applications/ArmGNUToolchain/14.2.rel1/arm-none-eabi/bin/../lib/gcc/arm-none-eabi/14.2.1/thumb/v7e-m/nofp/crtend.o

.igot.plt       0x20000068        0x0 load address 0x08008550
 .igot.plt      0x20000068        0x0 /Applications/ArmGNUToolchain/14.2.rel1/arm-none-eabi/bin/../lib/gcc/arm-none-eabi/14.2.1/thumb/v7e-m/nofp/crtbegin.o

.tdata          0x20000068        0x0 load address 0x08008550
 *(.tdata .tdata.* .gnu.linkonce.td.*)
                0x20000068                        . = ALIGN (0x4)
                0x20000068                        _edata = .
                [!provide]                        PROVIDE (__data_end = .)
                [!provide]                        PROVIDE (__tdata_end = .)
                [!provide]                        PROVIDE (__tdata_start = ADDR (.tdata))
                [!provide]                        PROVIDE (__tdata_size = (__tdata_end - __tdata_start))
                [!provide]                        PROVIDE (__data_start = ADDR (.data))
                [!provide]                        PROVIDE (__data_size = (__data_end - __data_start))
                [!provide]                        PROVIDE (__tdata_source = LOADADDR (.tdata))